[Parameter]
0=system_20220515_1_sm_master/sm_master/PMU102_signals/Spoofing attack/Constant|pmu_102|en_spoofing_attack.pmu_102.pmu_102|Scalar|0|1|1||Constant|1:1983::pmu_102|
1=system_20220515_1_sm_master/sm_master/PMU102_signals/Spoofing attack/Constant|pmu_103|en_spoofing_attack.pmu_102.pmu_103|Scalar|0|1|1||Constant|1:1983::pmu_103|
10=system_20220515_1_sm_master/sm_master/PMU102_signals/Spoofing attack/Constant|pmu_210|en_spoofing_attack.pmu_102.pmu_210|Scalar|0|1|1||Constant|1:1983::pmu_210|
100=system_20220515_1_sm_master/sm_master/PMU321_signals/Spoofing attack/Ramp/Step|After|slope|Scalar|0|1|1|0.017453292519943295|Step|1:1583:6|
101=system_20220515_1_sm_master/sm_master/PMU323_signals/Spoofing attack/Ramp/Step|After|slope|Scalar|0|1|1|0.017453292519943295|Step|1:480:6|
102=system_20220515_1_sm_master/OpCCode_do_not_touch/S-Function1|Value|0|Scalar|0|1|1|0.0|Constant|2082:7|
103=system_20220515_1_sm_master/OpCCode_do_not_touch/S-Function|InitialCondition|0|Scalar|0|1|1|0.0|Memory|2082:6|
104=system_20220515_1_sm_master/sm_master/Constant|Value|0|Scalar|0|1|1|0.0|Constant|1:37|
105=system_20220515_1_sm_master/sm_master/Step|Before|0|Scalar|0|1|1|0.0|Step|1:496|
106=system_20220515_1_sm_master/sm_master/Step|After|1|Scalar|0|1|1|1.0|Step|1:496|
107=system_20220515_1_sm_master/sm_master/Step1|Before|0|Scalar|0|1|1|0.0|Step|1:497|
108=system_20220515_1_sm_master/sm_master/Step1|After|1|Scalar|0|1|1|1.0|Step|1:497|
109=system_20220515_1_sm_master/sm_master/Constant2|Value|1|Scalar|0|1|1|1.0|Constant|1:39|
11=system_20220515_1_sm_master/sm_master/PMU102_signals/Spoofing attack/Constant|pmu_216|en_spoofing_attack.pmu_102.pmu_216|Scalar|0|1|1||Constant|1:1983::pmu_216|
110=system_20220515_1_sm_master/sm_master/Constant1|Value|1|Scalar|0|1|1|1.0|Constant|1:38|
111=system_20220515_1_sm_master/sm_master/Solver|P1Size| |RVector|0|1|2|1.0|6.0|S-Function OpIRTS|1:495|
112=system_20220515_1_sm_master/sm_master/Solver|P1| |RVector|0|1|6|83.0|121.0|115.0|116.0|101.0|109.0|S-Function OpIRTS|1:495|
113=system_20220515_1_sm_master/sm_master/Solver|P3Size| |RVector|0|1|2|1.0|24.0|S-Function OpIRTS|1:495|
114=system_20220515_1_sm_master/sm_master/Solver|P3| |RVector|0|1|24|82.0|84.0|83.0|57.0|54.0|95.0|112.0|105.0|110.0|115.0|95.0|115.0|105.0|109.0|112.0|108.0|101.0|95.0|118.0|50.0|46.0|120.0|108.0|115.0|S-Function OpIRTS|1:495|
115=system_20220515_1_sm_master/sm_master/Solver|P4Size| |RVector|0|1|2|1.0|1.0|S-Function OpIRTS|1:495|
116=system_20220515_1_sm_master/sm_master/Solver|P4|np|Scalar|0|1|1|1.0|S-Function OpIRTS|1:495|
117=system_20220515_1_sm_master/sm_master/Solver|P5Size| |RVector|0|1|2|1.0|4.0|S-Function OpIRTS|1:495|
118=system_20220515_1_sm_master/sm_master/Solver|P5| |RVector|0|1|4|67.0|65.0|80.0|73.0|S-Function OpIRTS|1:495|
119=system_20220515_1_sm_master/sm_master/Solver|P6Size| |RVector|0|1|2|1.0|3.0|S-Function OpIRTS|1:495|
12=system_20220515_1_sm_master/sm_master/PMU102_signals/Spoofing attack/Constant|pmu_221|en_spoofing_attack.pmu_102.pmu_221|Scalar|0|1|1||Constant|1:1983::pmu_221|
120=system_20220515_1_sm_master/sm_master/Solver|P6| |RVector|0|1|3|70.0|77.0|85.0|S-Function OpIRTS|1:495|
121=system_20220515_1_sm_master/sm_master/Solver|P7Size| |RVector|0|1|2|1.0|9.0|S-Function OpIRTS|1:495|
122=system_20220515_1_sm_master/sm_master/Solver|P7| |RVector|0|1|9|99.0|97.0|112.0|105.0|99.0|111.0|109.0|112.0|95.0|S-Function OpIRTS|1:495|
123=system_20220515_1_sm_master/sm_master/Solver|P8Size| |RVector|0|1|2|1.0|8.0|S-Function OpIRTS|1:495|
124=system_20220515_1_sm_master/sm_master/Solver|P8| |RVector|0|1|8|102.0|109.0|117.0|99.0|111.0|109.0|112.0|95.0|S-Function OpIRTS|1:495|
125=system_20220515_1_sm_master/sm_master/Solver|P9Size| |RVector|0|1|2|1.0|1.0|S-Function OpIRTS|1:495|
126=system_20220515_1_sm_master/sm_master/Solver|P9|exporty|Scalar|0|1|1|0.0|S-Function OpIRTS|1:495|
127=system_20220515_1_sm_master/sm_master/Solver|P10Size| |RVector|0|1|2|1.0|1.0|S-Function OpIRTS|1:495|
128=system_20220515_1_sm_master/sm_master/Solver|P10|builtin|Scalar|0|1|1|1.0|S-Function OpIRTS|1:495|
129=system_20220515_1_sm_master/sm_master/Solver|P11Size| |RVector|0|1|2|1.0|1.0|S-Function OpIRTS|1:495|
13=system_20220515_1_sm_master/sm_master/PMU102_signals/Spoofing attack/Constant|pmu_223|en_spoofing_attack.pmu_102.pmu_223|Scalar|0|1|1||Constant|1:1983::pmu_223|
130=system_20220515_1_sm_master/sm_master/Solver|P11|logging|Scalar|0|1|1|0.0|S-Function OpIRTS|1:495|
131=system_20220515_1_sm_master/sm_master/Solver|P12Size| |RVector|0|1|2|1.0|1.0|S-Function OpIRTS|1:495|
132=system_20220515_1_sm_master/sm_master/Solver|P12|sim_mode|Scalar|0|1|1|3.0|S-Function OpIRTS|1:495|
133=system_20220515_1_sm_master/sm_master/Solver|P13Size| |RVector|0|1|2|1.0|1.0|S-Function OpIRTS|1:495|
134=system_20220515_1_sm_master/sm_master/Solver|P13|pf_max_it|Scalar|0|1|1|100.0|S-Function OpIRTS|1:495|
135=system_20220515_1_sm_master/sm_master/Solver|P14Size| |RVector|0|1|2|1.0|1.0|S-Function OpIRTS|1:495|
136=system_20220515_1_sm_master/sm_master/Solver|P14|pf_tol_v|Scalar|0|1|1|1.0E-8|S-Function OpIRTS|1:495|
137=system_20220515_1_sm_master/sm_master/Solver|P15Size| |RVector|0|1|2|1.0|1.0|S-Function OpIRTS|1:495|
138=system_20220515_1_sm_master/sm_master/Solver|P15|pf_flat_start|Scalar|0|1|1|0.0|S-Function OpIRTS|1:495|
139=system_20220515_1_sm_master/sm_master/Solver|P16Size| |RVector|0|1|2|1.0|1.0|S-Function OpIRTS|1:495|
14=system_20220515_1_sm_master/sm_master/PMU102_signals/Spoofing attack/Constant|pmu_302|en_spoofing_attack.pmu_102.pmu_302|Scalar|0|1|1||Constant|1:1983::pmu_302|
140=system_20220515_1_sm_master/sm_master/Solver|P16|pf_smart_start|Scalar|0|1|1|0.0|S-Function OpIRTS|1:495|
141=system_20220515_1_sm_master/sm_master/Solver|P17Size| |RVector|0|1|2|1.0|1.0|S-Function OpIRTS|1:495|
142=system_20220515_1_sm_master/sm_master/Solver|P17|pf_export|Scalar|0|1|1|0.0|S-Function OpIRTS|1:495|
143=system_20220515_1_sm_master/sm_master/Solver|P18Size| |RVector|0|1|2|1.0|1.0|S-Function OpIRTS|1:495|
144=system_20220515_1_sm_master/sm_master/Solver|P18|optim_threads|Scalar|0|1|1|1.0|S-Function OpIRTS|1:495|
145=system_20220515_1_sm_master/sm_master/Solver|P19Size| |RVector|0|1|2|1.0|1.0|S-Function OpIRTS|1:495|
146=system_20220515_1_sm_master/sm_master/Solver|P19|script_activate_postinit|Scalar|0|1|1|0.0|S-Function OpIRTS|1:495|
147=system_20220515_1_sm_master/sm_master/Solver|P20Size| |RVector|0|1|2|0.0|0.0|S-Function OpIRTS|1:495|
148=system_20220515_1_sm_master/sm_master/Solver|P21Size| |RVector|0|1|2|1.0|1.0|S-Function OpIRTS|1:495|
149=system_20220515_1_sm_master/sm_master/Solver|P21|perflog_on|Scalar|0|1|1|0.0|S-Function OpIRTS|1:495|
15=system_20220515_1_sm_master/sm_master/PMU102_signals/Spoofing attack/Constant|pmu_303|en_spoofing_attack.pmu_102.pmu_303|Scalar|0|1|1||Constant|1:1983::pmu_303|
150=system_20220515_1_sm_master/sm_master/Solver|P22Size| |RVector|0|1|2|0.0|0.0|S-Function OpIRTS|1:495|
151=system_20220515_1_sm_master/sm_master/bus_vm_noise/Random Number|Mean|0|Scalar|0|1|1|0.0|RandomNumber|1:2024|
152=system_20220515_1_sm_master/sm_master/bus_va_noise/Random Number|Mean|0|Scalar|0|1|1|0.0|RandomNumber|1:2048|
153=system_20220515_1_sm_master/sm_master/Constant3|Value|1|Scalar|0|1|1|1.0|Constant|1:40|
154=system_20220515_1_sm_master/sm_master/TSync PCIe Ctrl|P1Size| |RVector|0|1|2|1.0|1.0|S-Function sfun_tsync_pcie_ctrl|1:717|
155=system_20220515_1_sm_master/sm_master/TSync PCIe Ctrl|P1|devIx|Scalar|0|1|1|0.0|S-Function sfun_tsync_pcie_ctrl|1:717|
156=system_20220515_1_sm_master/sm_master/TSync PCIe Ctrl|P2Size| |RVector|0|1|2|1.0|1.0|S-Function sfun_tsync_pcie_ctrl|1:717|
157=system_20220515_1_sm_master/sm_master/TSync PCIe Ctrl|P2|holdover_timeout|Scalar|0|1|1|5.0|S-Function sfun_tsync_pcie_ctrl|1:717|
158=system_20220515_1_sm_master/sm_master/TSync PCIe Ctrl|P3Size| |RVector|0|1|2|1.0|1.0|S-Function sfun_tsync_pcie_ctrl|1:717|
159=system_20220515_1_sm_master/sm_master/TSync PCIe Ctrl|P3|timestamp_en|Scalar|0|1|1|1.0|S-Function sfun_tsync_pcie_ctrl|1:717|
16=system_20220515_1_sm_master/sm_master/PMU102_signals/Spoofing attack/Constant|pmu_307|en_spoofing_attack.pmu_102.pmu_307|Scalar|0|1|1||Constant|1:1983::pmu_307|
160=system_20220515_1_sm_master/sm_master/TSync PCIe Ctrl|P4Size| |RVector|0|1|2|1.0|1.0|S-Function sfun_tsync_pcie_ctrl|1:717|
161=system_20220515_1_sm_master/sm_master/TSync PCIe Ctrl|P4|set_time_en|Scalar|0|1|1|0.0|S-Function sfun_tsync_pcie_ctrl|1:717|
162=system_20220515_1_sm_master/sm_master/TSync PCIe Ctrl|P5Size| |RVector|0|1|2|1.0|1.0|S-Function sfun_tsync_pcie_ctrl|1:717|
163=system_20220515_1_sm_master/sm_master/TSync PCIe Ctrl|P5|ts_wo_sync_opt|Scalar|0|1|1|1.0|S-Function sfun_tsync_pcie_ctrl|1:717|
164=system_20220515_1_sm_master/sm_master/PMU102_signals/Spoofing attack/Ramp/Step|Before|0|Scalar|0|1|1|0.0|Step|1:1989:6|
165=system_20220515_1_sm_master/sm_master/Gain|Gain|pi()/180|Scalar|0|1|1|0.017453292519943295|Gain|1:158|
166=system_20220515_1_sm_master/sm_master/line_iang1_noise/Random Number|Mean|0|Scalar|0|1|1|0.0|RandomNumber|1:2058|
167=system_20220515_1_sm_master/sm_master/Gain2|Gain|pi()/180|Scalar|0|1|1|0.017453292519943295|Gain|1:160|
168=system_20220515_1_sm_master/sm_master/line_iang0_noise/Random Number|Mean|0|Scalar|0|1|1|0.0|RandomNumber|1:2053|
169=system_20220515_1_sm_master/sm_master/Gain1|Gain|pi()/180|Scalar|0|1|1|0.017453292519943295|Gain|1:159|
17=system_20220515_1_sm_master/sm_master/PMU102_signals/Spoofing attack/Constant|pmu_310|en_spoofing_attack.pmu_102.pmu_310|Scalar|0|1|1||Constant|1:1983::pmu_310|
170=system_20220515_1_sm_master/sm_master/line_imag1_noise/Random Number|Mean|0|Scalar|0|1|1|0.0|RandomNumber|1:2033|
171=system_20220515_1_sm_master/sm_master/line_imag0_noise/Random Number|Mean|0|Scalar|0|1|1|0.0|RandomNumber|1:2028|
172=system_20220515_1_sm_master/sm_master/PMU103_signals/Spoofing attack/Ramp/Step|Before|0|Scalar|0|1|1|0.0|Step|1:1976:6|
173=system_20220515_1_sm_master/sm_master/xf_iang0_noise/Random Number|Mean|0|Scalar|0|1|1|0.0|RandomNumber|1:2063|
174=system_20220515_1_sm_master/sm_master/Gain3|Gain|pi()/180|Scalar|0|1|1|0.017453292519943295|Gain|1:161|
175=system_20220515_1_sm_master/sm_master/xf_imag0_noise/Random Number|Mean|0|Scalar|0|1|1|0.0|RandomNumber|1:2038|
176=system_20220515_1_sm_master/sm_master/PMU107_signals/Spoofing attack/Ramp/Step|Before|0|Scalar|0|1|1|0.0|Step|1:2015:6|
177=system_20220515_1_sm_master/sm_master/PMU110_signals/Spoofing attack/Ramp/Step|Before|0|Scalar|0|1|1|0.0|Step|1:1937:6|
178=system_20220515_1_sm_master/sm_master/PMU116_signals/Spoofing attack/Ramp/Step|Before|0|Scalar|0|1|1|0.0|Step|1:310:6|
179=system_20220515_1_sm_master/sm_master/PMU121_signals/Spoofing attack/Ramp/Step|Before|0|Scalar|0|1|1|0.0|Step|1:341:6|
18=system_20220515_1_sm_master/sm_master/PMU102_signals/Spoofing attack/Constant|pmu_316|en_spoofing_attack.pmu_102.pmu_316|Scalar|0|1|1||Constant|1:1983::pmu_316|
180=system_20220515_1_sm_master/sm_master/PMU123_signals/Spoofing attack/Ramp/Step|Before|0|Scalar|0|1|1|0.0|Step|1:1950:6|
181=system_20220515_1_sm_master/sm_master/PMU202_signals/Spoofing attack/Ramp/Step|Before|0|Scalar|0|1|1|0.0|Step|1:1963:6|
182=system_20220515_1_sm_master/sm_master/PMU203_signals/Spoofing attack/Ramp/Step|Before|0|Scalar|0|1|1|0.0|Step|1:1748:6|
183=system_20220515_1_sm_master/sm_master/PMU207_signals/Spoofing attack/Ramp/Step|Before|0|Scalar|0|1|1|0.0|Step|1:2002:6|
184=system_20220515_1_sm_master/sm_master/PMU210_signals/Spoofing attack/Ramp/Step|Before|0|Scalar|0|1|1|0.0|Step|1:1898:6|
185=system_20220515_1_sm_master/sm_master/PMU216_signals/Spoofing attack/Ramp/Step|Before|0|Scalar|0|1|1|0.0|Step|1:1818:6|
186=system_20220515_1_sm_master/sm_master/PMU221_signals/Spoofing attack/Ramp/Step|Before|0|Scalar|0|1|1|0.0|Step|1:1924:6|
187=system_20220515_1_sm_master/sm_master/PMU223_signals/Spoofing attack/Ramp/Step|Before|0|Scalar|0|1|1|0.0|Step|1:1911:6|
188=system_20220515_1_sm_master/sm_master/PMU302_signals/Spoofing attack/Ramp/Step|Before|0|Scalar|0|1|1|0.0|Step|1:376:6|
189=system_20220515_1_sm_master/sm_master/PMU303_signals/Spoofing attack/Ramp/Step|Before|0|Scalar|0|1|1|0.0|Step|1:401:6|
19=system_20220515_1_sm_master/sm_master/PMU102_signals/Spoofing attack/Constant|pmu_321|en_spoofing_attack.pmu_102.pmu_321|Scalar|0|1|1||Constant|1:1983::pmu_321|
190=system_20220515_1_sm_master/sm_master/PMU307_signals/Spoofing attack/Ramp/Step|Before|0|Scalar|0|1|1|0.0|Step|1:422:6|
191=system_20220515_1_sm_master/sm_master/PMU310_signals/Spoofing attack/Ramp/Step|Before|0|Scalar|0|1|1|0.0|Step|1:451:6|
192=system_20220515_1_sm_master/sm_master/PMU316_signals/Spoofing attack/Ramp/Step|Before|0|Scalar|0|1|1|0.0|Step|1:1544:6|
193=system_20220515_1_sm_master/sm_master/PMU321_signals/Spoofing attack/Ramp/Step|Before|0|Scalar|0|1|1|0.0|Step|1:1583:6|
194=system_20220515_1_sm_master/sm_master/PMU323_signals/Spoofing attack/Ramp/Step|Before|0|Scalar|0|1|1|0.0|Step|1:480:6|
195=system_20220515_1_sm_master/sm_master/rtlab_send_subsystem/Subsystem1/Send1/S-Function|P1Size| |RVector|0|1|2|1.0|1.0|S-Function OP_SEND|1:2086:31|
196=system_20220515_1_sm_master/sm_master/rtlab_send_subsystem/Subsystem1/Send1/S-Function|P1|Acqu_group|Scalar|0|1|1|1.0|S-Function OP_SEND|1:2086:31|
197=system_20220515_1_sm_master/sm_master/xf_iang1_noise/Random Number|Mean|0|Scalar|0|1|1|0.0|RandomNumber|1:2068|
198=system_20220515_1_sm_master/sm_master/Gain4|Gain|pi()/180|Scalar|0|1|1|0.017453292519943295|Gain|1:162|
199=system_20220515_1_sm_master/sm_master/xf_imag1_noise/Random Number|Mean|0|Scalar|0|1|1|0.0|RandomNumber|1:2043|
2=system_20220515_1_sm_master/sm_master/PMU102_signals/Spoofing attack/Constant|pmu_107|en_spoofing_attack.pmu_102.pmu_107|Scalar|0|1|1||Constant|1:1983::pmu_107|
20=system_20220515_1_sm_master/sm_master/PMU102_signals/Spoofing attack/Constant|pmu_323|en_spoofing_attack.pmu_102.pmu_323|Scalar|0|1|1||Constant|1:1983::pmu_323|
200=system_20220515_1_sm_master/sm_master/Frequency_signals/FREQ DEVIATION|Value|0|Scalar|0|1|1|0.0|Constant|1:42|
201=system_20220515_1_sm_master/sm_master/Frequency_signals/FREQ ROC|Value|0|Scalar|0|1|1|0.0|Constant|1:43|
21=system_20220515_1_sm_master/sm_master/PMU102_signals/Spoofing attack/Ramp/Constant|pmu_102|start.pmu_102|Scalar|0|1|1||Constant|1:1989:2::pmu_102|
22=system_20220515_1_sm_master/sm_master/PMU102_signals/Spoofing attack/Ramp/Constant|pmu_103|start.pmu_103|Scalar|0|1|1||Constant|1:1989:2::pmu_103|
23=system_20220515_1_sm_master/sm_master/PMU102_signals/Spoofing attack/Ramp/Constant|pmu_107|start.pmu_107|Scalar|0|1|1||Constant|1:1989:2::pmu_107|
24=system_20220515_1_sm_master/sm_master/PMU102_signals/Spoofing attack/Ramp/Constant|pmu_110|start.pmu_110|Scalar|0|1|1||Constant|1:1989:2::pmu_110|
25=system_20220515_1_sm_master/sm_master/PMU102_signals/Spoofing attack/Ramp/Constant|pmu_116|start.pmu_116|Scalar|0|1|1||Constant|1:1989:2::pmu_116|
26=system_20220515_1_sm_master/sm_master/PMU102_signals/Spoofing attack/Ramp/Constant|pmu_121|start.pmu_121|Scalar|0|1|1||Constant|1:1989:2::pmu_121|
27=system_20220515_1_sm_master/sm_master/PMU102_signals/Spoofing attack/Ramp/Constant|pmu_123|start.pmu_123|Scalar|0|1|1||Constant|1:1989:2::pmu_123|
28=system_20220515_1_sm_master/sm_master/PMU102_signals/Spoofing attack/Ramp/Constant|pmu_202|start.pmu_202|Scalar|0|1|1||Constant|1:1989:2::pmu_202|
29=system_20220515_1_sm_master/sm_master/PMU102_signals/Spoofing attack/Ramp/Constant|pmu_203|start.pmu_203|Scalar|0|1|1||Constant|1:1989:2::pmu_203|
3=system_20220515_1_sm_master/sm_master/PMU102_signals/Spoofing attack/Constant|pmu_110|en_spoofing_attack.pmu_102.pmu_110|Scalar|0|1|1||Constant|1:1983::pmu_110|
30=system_20220515_1_sm_master/sm_master/PMU102_signals/Spoofing attack/Ramp/Constant|pmu_207|start.pmu_207|Scalar|0|1|1||Constant|1:1989:2::pmu_207|
31=system_20220515_1_sm_master/sm_master/PMU102_signals/Spoofing attack/Ramp/Constant|pmu_210|start.pmu_210|Scalar|0|1|1||Constant|1:1989:2::pmu_210|
32=system_20220515_1_sm_master/sm_master/PMU102_signals/Spoofing attack/Ramp/Constant|pmu_216|start.pmu_216|Scalar|0|1|1||Constant|1:1989:2::pmu_216|
33=system_20220515_1_sm_master/sm_master/PMU102_signals/Spoofing attack/Ramp/Constant|pmu_221|start.pmu_221|Scalar|0|1|1||Constant|1:1989:2::pmu_221|
34=system_20220515_1_sm_master/sm_master/PMU102_signals/Spoofing attack/Ramp/Constant|pmu_223|start.pmu_223|Scalar|0|1|1||Constant|1:1989:2::pmu_223|
35=system_20220515_1_sm_master/sm_master/PMU102_signals/Spoofing attack/Ramp/Constant|pmu_302|start.pmu_302|Scalar|0|1|1||Constant|1:1989:2::pmu_302|
36=system_20220515_1_sm_master/sm_master/PMU102_signals/Spoofing attack/Ramp/Constant|pmu_303|start.pmu_303|Scalar|0|1|1||Constant|1:1989:2::pmu_303|
37=system_20220515_1_sm_master/sm_master/PMU102_signals/Spoofing attack/Ramp/Constant|pmu_307|start.pmu_307|Scalar|0|1|1||Constant|1:1989:2::pmu_307|
38=system_20220515_1_sm_master/sm_master/PMU102_signals/Spoofing attack/Ramp/Constant|pmu_310|start.pmu_310|Scalar|0|1|1||Constant|1:1989:2::pmu_310|
39=system_20220515_1_sm_master/sm_master/PMU102_signals/Spoofing attack/Ramp/Constant|pmu_316|start.pmu_316|Scalar|0|1|1||Constant|1:1989:2::pmu_316|
4=system_20220515_1_sm_master/sm_master/PMU102_signals/Spoofing attack/Constant|pmu_116|en_spoofing_attack.pmu_102.pmu_116|Scalar|0|1|1||Constant|1:1983::pmu_116|
40=system_20220515_1_sm_master/sm_master/PMU102_signals/Spoofing attack/Ramp/Constant|pmu_321|start.pmu_321|Scalar|0|1|1||Constant|1:1989:2::pmu_321|
41=system_20220515_1_sm_master/sm_master/PMU102_signals/Spoofing attack/Ramp/Constant|pmu_323|start.pmu_323|Scalar|0|1|1||Constant|1:1989:2::pmu_323|
42=system_20220515_1_sm_master/sm_master/Solver|P2Size| |RVector|0|1|2|1.0|1.0|S-Function OpIRTS|1:495|
43=system_20220515_1_sm_master/sm_master/Solver|P2|dt|Scalar|0|1|1|0.001|S-Function OpIRTS|1:495|
44=system_20220515_1_sm_master/sm_master/bus_va_noise/Random Number|Variance|ang_variance|Scalar|0|1|1|0.06|RandomNumber|1:2048|
45=system_20220515_1_sm_master/sm_master/bus_va_noise/Random Number|Seed|bus_va_seed|CVector|0|73|1|787.0|203.0|92.0|90.0|118.0|210.0|1434.0|1161.0|373.0|740.0|580.0|717.0|122.0|207.0|565.0|1439.0|800.0|446.0|23.0|585.0|83.0|23.0|357.0|549.0|576.0|352.0|607.0|353.0|1523.0|1147.0|1040.0|1945.0|661.0|220.0|1089.0|1358.0|464.0|736.0|538.0|727.0|455.0|980.0|299.0|552.0|189.0|816.0|413.0|492.0|852.0|2206.0|471.0|1738.0|555.0|1439.0|185.0|812.0|83.0|408.0|694.0|859.0|129.0|288.0|127.0|287.0|424.0|1479.0|338.0|946.0|1114.0|308.0|863.0|1724.0|339.0|RandomNumber|1:2048|
46=system_20220515_1_sm_master/sm_master/bus_vm_noise/Random Number|Seed|bus_vm_seed|CVector|0|73|1|765.0|354.0|410.0|384.0|2629.0|360.0|1080.0|472.0|31.0|1532.0|99.0|226.0|524.0|626.0|1349.0|76.0|501.0|361.0|661.0|937.0|852.0|669.0|617.0|284.0|351.0|1018.0|678.0|174.0|162.0|2228.0|1442.0|449.0|1865.0|392.0|134.0|1998.0|1303.0|1419.0|12.0|392.0|751.0|731.0|128.0|556.0|258.0|1861.0|1455.0|1718.0|1836.0|837.0|574.0|1110.0|863.0|184.0|816.0|1541.0|1141.0|481.0|31.0|2113.0|342.0|26.0|720.0|240.0|1206.0|734.0|8.0|89.0|762.0|196.0|548.0|1207.0|651.0|RandomNumber|1:2024|
47=system_20220515_1_sm_master/sm_master/Step1|Time|event_time_end|Scalar|0|1|1|10000.083333333334|Step|1:497|
48=system_20220515_1_sm_master/sm_master/Step|Time|event_time_start|Scalar|0|1|1|10000.0|Step|1:496|
49=system_20220515_1_sm_master/sm_master/line_iang0_noise/Random Number|Seed|line_iang0_seed|CVector|0|104|1|1456.0|303.0|1037.0|1257.0|1351.0|600.0|96.0|1121.0|562.0|82.0|844.0|61.0|539.0|722.0|230.0|270.0|1327.0|1556.0|1863.0|1094.0|649.0|1312.0|606.0|477.0|312.0|216.0|1352.0|348.0|1907.0|1582.0|644.0|695.0|667.0|654.0|1527.0|1532.0|807.0|120.0|1063.0|468.0|2927.0|1085.0|796.0|208.0|1871.0|347.0|1793.0|2483.0|1073.0|1460.0|221.0|45.0|758.0|1814.0|947.0|275.0|556.0|857.0|49.0|2606.0|246.0|769.0|541.0|1557.0|1127.0|542.0|48.0|47.0|861.0|2081.0|963.0|335.0|301.0|941.0|70.0|1473.0|1236.0|599.0|1556.0|1196.0|1009.0|1048.0|26.0|1901.0|120.0|11.0|224.0|1284.0|1054.0|187.0|500.0|375.0|363.0|681.0|1014.0|1645.0|1038.0|1078.0|1006.0|126.0|709.0|201.0|144.0|2.0|RandomNumber|1:2053|
5=system_20220515_1_sm_master/sm_master/PMU102_signals/Spoofing attack/Constant|pmu_121|en_spoofing_attack.pmu_102.pmu_121|Scalar|0|1|1||Constant|1:1983::pmu_121|
50=system_20220515_1_sm_master/sm_master/line_iang1_noise/Random Number|Seed|line_iang1_seed|CVector|0|104|1|213.0|329.0|2092.0|1422.0|963.0|657.0|1074.0|199.0|289.0|546.0|1195.0|2405.0|414.0|843.0|853.0|263.0|1440.0|525.0|626.0|490.0|392.0|969.0|60.0|127.0|577.0|305.0|483.0|310.0|862.0|1220.0|645.0|289.0|1000.0|588.0|1557.0|1361.0|1900.0|178.0|2167.0|707.0|2225.0|341.0|2251.0|166.0|487.0|673.0|375.0|820.0|375.0|878.0|998.0|70.0|291.0|778.0|89.0|1474.0|1640.0|1453.0|803.0|843.0|50.0|1248.0|987.0|481.0|1361.0|28.0|348.0|1224.0|734.0|1580.0|254.0|464.0|715.0|1016.0|176.0|21.0|1461.0|110.0|769.0|421.0|976.0|1891.0|726.0|271.0|2252.0|2594.0|1694.0|895.0|1619.0|638.0|452.0|178.0|814.0|880.0|2506.0|473.0|1168.0|2319.0|998.0|705.0|907.0|176.0|68.0|6.0|RandomNumber|1:2058|
51=system_20220515_1_sm_master/sm_master/line_imag0_noise/Random Number|Seed|line_imag0_seed|CVector|0|104|1|602.0|1112.0|317.0|37.0|142.0|739.0|1050.0|460.0|1110.0|486.0|1456.0|297.0|3103.0|183.0|1260.0|319.0|651.0|449.0|1464.0|742.0|113.0|515.0|518.0|180.0|398.0|13.0|701.0|621.0|1428.0|547.0|1231.0|96.0|2278.0|118.0|1058.0|436.0|1412.0|15.0|538.0|1835.0|2636.0|291.0|1066.0|535.0|387.0|320.0|2525.0|1006.0|424.0|661.0|728.0|457.0|506.0|1185.0|782.0|80.0|334.0|346.0|119.0|716.0|228.0|47.0|1065.0|40.0|917.0|409.0|401.0|635.0|3331.0|718.0|204.0|430.0|1533.0|184.0|325.0|362.0|45.0|102.0|302.0|854.0|719.0|917.0|699.0|26.0|328.0|701.0|2166.0|50.0|626.0|1144.0|1822.0|297.0|159.0|46.0|111.0|1945.0|1158.0|201.0|442.0|1977.0|439.0|1458.0|287.0|291.0|RandomNumber|1:2028|
52=system_20220515_1_sm_master/sm_master/line_imag1_noise/Random Number|Seed|line_imag1_seed|CVector|0|104|1|142.0|136.0|445.0|1233.0|1447.0|545.0|70.0|1422.0|369.0|301.0|57.0|996.0|102.0|549.0|100.0|223.0|1978.0|1397.0|1007.0|1060.0|2475.0|1657.0|59.0|934.0|593.0|414.0|1174.0|476.0|1705.0|680.0|340.0|194.0|220.0|343.0|558.0|571.0|1074.0|1097.0|94.0|453.0|1035.0|1156.0|1135.0|176.0|691.0|869.0|752.0|534.0|314.0|557.0|693.0|1045.0|1737.0|145.0|368.0|1701.0|93.0|1067.0|1521.0|42.0|576.0|707.0|1122.0|1131.0|1295.0|482.0|1370.0|867.0|615.0|120.0|1322.0|7.0|206.0|507.0|912.0|91.0|1718.0|551.0|106.0|178.0|918.0|362.0|212.0|2377.0|2216.0|1375.0|1211.0|858.0|342.0|1199.0|470.0|503.0|1911.0|1002.0|1868.0|1052.0|804.0|73.0|1952.0|2500.0|1207.0|707.0|451.0|375.0|RandomNumber|1:2033|
53=system_20220515_1_sm_master/sm_master/bus_vm_noise/Random Number|Variance|mag_variance|Scalar|0|1|1|0.0005|RandomNumber|1:2024|
54=system_20220515_1_sm_master/sm_master/PMU102_signals/Spoofing attack/Saturation|LowerLimit|spoof_lower_limit|Scalar|0|1|1|-0.3490658503988659|Saturate|1:1990|
55=system_20220515_1_sm_master/sm_master/PMU102_signals/Spoofing attack/Saturation|UpperLimit|spoof_upper_limit|Scalar|0|1|1|0.3490658503988659|Saturate|1:1990|
56=system_20220515_1_sm_master/sm_master/xf_iang0_noise/Random Number|Seed|xf_iang0_seed|CVector|0|16|1|510.0|1643.0|615.0|629.0|177.0|1161.0|398.0|928.0|736.0|856.0|1813.0|860.0|568.0|7.0|600.0|1175.0|RandomNumber|1:2063|
57=system_20220515_1_sm_master/sm_master/xf_iang1_noise/Random Number|Seed|xf_iang1_seed|CVector|0|16|1|520.0|1041.0|592.0|292.0|236.0|877.0|837.0|673.0|920.0|706.0|642.0|1520.0|1745.0|3129.0|546.0|975.0|RandomNumber|1:2068|
58=system_20220515_1_sm_master/sm_master/xf_imag0_noise/Random Number|Seed|xf_imag0_seed|CVector|0|16|1|1340.0|1285.0|1677.0|756.0|896.0|1735.0|477.0|254.0|1303.0|290.0|440.0|503.0|610.0|354.0|432.0|164.0|RandomNumber|1:2038|
59=system_20220515_1_sm_master/sm_master/xf_imag1_noise/Random Number|Seed|xf_imag1_seed|CVector|0|16|1|1131.0|1762.0|1152.0|368.0|1484.0|391.0|1308.0|577.0|477.0|622.0|1875.0|308.0|39.0|762.0|550.0|779.0|RandomNumber|1:2043|
6=system_20220515_1_sm_master/sm_master/PMU102_signals/Spoofing attack/Constant|pmu_123|en_spoofing_attack.pmu_102.pmu_123|Scalar|0|1|1||Constant|1:1983::pmu_123|
60=system_20220515_1_sm_master/sm_master/PMU102_signals/Spoofing attack/Ramp/Constant1|Value|InitialOutput|Scalar|0|1|1|0.0|Constant|1:1989:3|
61=system_20220515_1_sm_master/sm_master/PMU103_signals/Spoofing attack/Ramp/Constant1|Value|InitialOutput|Scalar|0|1|1|0.0|Constant|1:1976:3|
62=system_20220515_1_sm_master/sm_master/PMU107_signals/Spoofing attack/Ramp/Constant1|Value|InitialOutput|Scalar|0|1|1|0.0|Constant|1:2015:3|
63=system_20220515_1_sm_master/sm_master/PMU110_signals/Spoofing attack/Ramp/Constant1|Value|InitialOutput|Scalar|0|1|1|0.0|Constant|1:1937:3|
64=system_20220515_1_sm_master/sm_master/PMU116_signals/Spoofing attack/Ramp/Constant1|Value|InitialOutput|Scalar|0|1|1|0.0|Constant|1:310:3|
65=system_20220515_1_sm_master/sm_master/PMU121_signals/Spoofing attack/Ramp/Constant1|Value|InitialOutput|Scalar|0|1|1|0.0|Constant|1:341:3|
66=system_20220515_1_sm_master/sm_master/PMU123_signals/Spoofing attack/Ramp/Constant1|Value|InitialOutput|Scalar|0|1|1|0.0|Constant|1:1950:3|
67=system_20220515_1_sm_master/sm_master/PMU202_signals/Spoofing attack/Ramp/Constant1|Value|InitialOutput|Scalar|0|1|1|0.0|Constant|1:1963:3|
68=system_20220515_1_sm_master/sm_master/PMU203_signals/Spoofing attack/Ramp/Constant1|Value|InitialOutput|Scalar|0|1|1|0.0|Constant|1:1748:3|
69=system_20220515_1_sm_master/sm_master/PMU207_signals/Spoofing attack/Ramp/Constant1|Value|InitialOutput|Scalar|0|1|1|0.0|Constant|1:2002:3|
7=system_20220515_1_sm_master/sm_master/PMU102_signals/Spoofing attack/Constant|pmu_202|en_spoofing_attack.pmu_102.pmu_202|Scalar|0|1|1||Constant|1:1983::pmu_202|
70=system_20220515_1_sm_master/sm_master/PMU210_signals/Spoofing attack/Ramp/Constant1|Value|InitialOutput|Scalar|0|1|1|0.0|Constant|1:1898:3|
71=system_20220515_1_sm_master/sm_master/PMU216_signals/Spoofing attack/Ramp/Constant1|Value|InitialOutput|Scalar|0|1|1|0.0|Constant|1:1818:3|
72=system_20220515_1_sm_master/sm_master/PMU221_signals/Spoofing attack/Ramp/Constant1|Value|InitialOutput|Scalar|0|1|1|0.0|Constant|1:1924:3|
73=system_20220515_1_sm_master/sm_master/PMU223_signals/Spoofing attack/Ramp/Constant1|Value|InitialOutput|Scalar|0|1|1|0.0|Constant|1:1911:3|
74=system_20220515_1_sm_master/sm_master/PMU302_signals/Spoofing attack/Ramp/Constant1|Value|InitialOutput|Scalar|0|1|1|0.0|Constant|1:376:3|
75=system_20220515_1_sm_master/sm_master/PMU303_signals/Spoofing attack/Ramp/Constant1|Value|InitialOutput|Scalar|0|1|1|0.0|Constant|1:401:3|
76=system_20220515_1_sm_master/sm_master/PMU307_signals/Spoofing attack/Ramp/Constant1|Value|InitialOutput|Scalar|0|1|1|0.0|Constant|1:422:3|
77=system_20220515_1_sm_master/sm_master/PMU310_signals/Spoofing attack/Ramp/Constant1|Value|InitialOutput|Scalar|0|1|1|0.0|Constant|1:451:3|
78=system_20220515_1_sm_master/sm_master/PMU316_signals/Spoofing attack/Ramp/Constant1|Value|InitialOutput|Scalar|0|1|1|0.0|Constant|1:1544:3|
79=system_20220515_1_sm_master/sm_master/PMU321_signals/Spoofing attack/Ramp/Constant1|Value|InitialOutput|Scalar|0|1|1|0.0|Constant|1:1583:3|
8=system_20220515_1_sm_master/sm_master/PMU102_signals/Spoofing attack/Constant|pmu_203|en_spoofing_attack.pmu_102.pmu_203|Scalar|0|1|1||Constant|1:1983::pmu_203|
80=system_20220515_1_sm_master/sm_master/PMU323_signals/Spoofing attack/Ramp/Constant1|Value|InitialOutput|Scalar|0|1|1|0.0|Constant|1:480:3|
81=system_20220515_1_sm_master/sm_master/PMU102_signals/Spoofing attack/Ramp/Step|After|slope|Scalar|0|1|1|0.017453292519943295|Step|1:1989:6|
82=system_20220515_1_sm_master/sm_master/PMU103_signals/Spoofing attack/Ramp/Step|After|slope|Scalar|0|1|1|0.017453292519943295|Step|1:1976:6|
83=system_20220515_1_sm_master/sm_master/PMU107_signals/Spoofing attack/Ramp/Step|After|slope|Scalar|0|1|1|0.017453292519943295|Step|1:2015:6|
84=system_20220515_1_sm_master/sm_master/PMU110_signals/Spoofing attack/Ramp/Step|After|slope|Scalar|0|1|1|0.017453292519943295|Step|1:1937:6|
85=system_20220515_1_sm_master/sm_master/PMU116_signals/Spoofing attack/Ramp/Step|After|slope|Scalar|0|1|1|0.017453292519943295|Step|1:310:6|
86=system_20220515_1_sm_master/sm_master/PMU121_signals/Spoofing attack/Ramp/Step|After|slope|Scalar|0|1|1|0.017453292519943295|Step|1:341:6|
87=system_20220515_1_sm_master/sm_master/PMU123_signals/Spoofing attack/Ramp/Step|After|slope|Scalar|0|1|1|0.017453292519943295|Step|1:1950:6|
88=system_20220515_1_sm_master/sm_master/PMU202_signals/Spoofing attack/Ramp/Step|After|slope|Scalar|0|1|1|0.017453292519943295|Step|1:1963:6|
89=system_20220515_1_sm_master/sm_master/PMU203_signals/Spoofing attack/Ramp/Step|After|slope|Scalar|0|1|1|0.017453292519943295|Step|1:1748:6|
9=system_20220515_1_sm_master/sm_master/PMU102_signals/Spoofing attack/Constant|pmu_207|en_spoofing_attack.pmu_102.pmu_207|Scalar|0|1|1||Constant|1:1983::pmu_207|
90=system_20220515_1_sm_master/sm_master/PMU207_signals/Spoofing attack/Ramp/Step|After|slope|Scalar|0|1|1|0.017453292519943295|Step|1:2002:6|
91=system_20220515_1_sm_master/sm_master/PMU210_signals/Spoofing attack/Ramp/Step|After|slope|Scalar|0|1|1|0.017453292519943295|Step|1:1898:6|
92=system_20220515_1_sm_master/sm_master/PMU216_signals/Spoofing attack/Ramp/Step|After|slope|Scalar|0|1|1|0.017453292519943295|Step|1:1818:6|
93=system_20220515_1_sm_master/sm_master/PMU221_signals/Spoofing attack/Ramp/Step|After|slope|Scalar|0|1|1|0.017453292519943295|Step|1:1924:6|
94=system_20220515_1_sm_master/sm_master/PMU223_signals/Spoofing attack/Ramp/Step|After|slope|Scalar|0|1|1|0.017453292519943295|Step|1:1911:6|
95=system_20220515_1_sm_master/sm_master/PMU302_signals/Spoofing attack/Ramp/Step|After|slope|Scalar|0|1|1|0.017453292519943295|Step|1:376:6|
96=system_20220515_1_sm_master/sm_master/PMU303_signals/Spoofing attack/Ramp/Step|After|slope|Scalar|0|1|1|0.017453292519943295|Step|1:401:6|
97=system_20220515_1_sm_master/sm_master/PMU307_signals/Spoofing attack/Ramp/Step|After|slope|Scalar|0|1|1|0.017453292519943295|Step|1:422:6|
98=system_20220515_1_sm_master/sm_master/PMU310_signals/Spoofing attack/Ramp/Step|After|slope|Scalar|0|1|1|0.017453292519943295|Step|1:451:6|
99=system_20220515_1_sm_master/sm_master/PMU316_signals/Spoofing attack/Ramp/Step|After|slope|Scalar|0|1|1|0.017453292519943295|Step|1:1544:6|
nbParameters=202
[Signal]
0=system_20220515_1_sm_master/OpCCode_do_not_touch/S-Function|NULL|0|1|1|1|S|Memory|0|2082:6|
1=system_20220515_1_sm_master/OpCCode_do_not_touch/Sum|NULL|1|1|1|1|S|Sum|0|2082:9|
10=system_20220515_1_sm_master/sm_master/Solver|NULL|10|73|73|1|V|S-Function OpIRTS|0|1:495|
100=system_20220515_1_sm_master/sm_master/PMU123_signals/Spoofing attack/Add|NULL|100|6|6|1|V|Sum|0|1:1943|
101=system_20220515_1_sm_master/sm_master/PMU202_signals/Spoofing attack/Ramp/Step|NULL|101|1|1|1|S|Step|0|1:1963:6|
102=system_20220515_1_sm_master/sm_master/PMU202_signals/Spoofing attack/Ramp/Clock|NULL|102|1|1|1|S|Clock|0|1:1963:1|
103=system_20220515_1_sm_master/sm_master/PMU202_signals/Spoofing attack/Ramp/Sum|NULL|103|1|1|1|S|Sum|0|1:1963:7|
104=system_20220515_1_sm_master/sm_master/PMU202_signals/Spoofing attack/Ramp/Product|NULL|104|1|1|1|S|Product|0|1:1963:5|
105=system_20220515_1_sm_master/sm_master/PMU202_signals/Spoofing attack/Ramp/Output|NULL|105|1|1|1|S|Sum|0|1:1963:4|
106=system_20220515_1_sm_master/sm_master/PMU202_signals/Spoofing attack/Saturation|NULL|106|1|1|1|S|Saturate|0|1:1964|
107=system_20220515_1_sm_master/sm_master/PMU202_signals/Spoofing attack/Multiply|NULL|107|1|1|1|S|Product|0|1:1960|
108=system_20220515_1_sm_master/sm_master/PMU202_signals/Spoofing attack/Add|NULL|108|4|4|1|V|Sum|0|1:1956|
109=system_20220515_1_sm_master/sm_master/PMU203_signals/Spoofing attack/Ramp/Step|NULL|109|1|1|1|S|Step|0|1:1748:6|
11=system_20220515_1_sm_master/sm_master/Solver|NULL|11|104|104|1|V|S-Function OpIRTS|0|1:495|
110=system_20220515_1_sm_master/sm_master/PMU203_signals/Spoofing attack/Ramp/Clock|NULL|110|1|1|1|S|Clock|0|1:1748:1|
111=system_20220515_1_sm_master/sm_master/PMU203_signals/Spoofing attack/Ramp/Sum|NULL|111|1|1|1|S|Sum|0|1:1748:7|
112=system_20220515_1_sm_master/sm_master/PMU203_signals/Spoofing attack/Ramp/Product|NULL|112|1|1|1|S|Product|0|1:1748:5|
113=system_20220515_1_sm_master/sm_master/PMU203_signals/Spoofing attack/Ramp/Output|NULL|113|1|1|1|S|Sum|0|1:1748:4|
114=system_20220515_1_sm_master/sm_master/PMU203_signals/Spoofing attack/Saturation|NULL|114|1|1|1|S|Saturate|0|1:1749|
115=system_20220515_1_sm_master/sm_master/PMU203_signals/Spoofing attack/Multiply|NULL|115|1|1|1|S|Product|0|1:1745|
116=system_20220515_1_sm_master/sm_master/PMU203_signals/Spoofing attack/Add|NULL|116|5|5|1|V|Sum|0|1:1741|
117=system_20220515_1_sm_master/sm_master/PMU207_signals/Spoofing attack/Ramp/Step|NULL|117|1|1|1|S|Step|0|1:2002:6|
118=system_20220515_1_sm_master/sm_master/PMU207_signals/Spoofing attack/Ramp/Clock|NULL|118|1|1|1|S|Clock|0|1:2002:1|
119=system_20220515_1_sm_master/sm_master/PMU207_signals/Spoofing attack/Ramp/Sum|NULL|119|1|1|1|S|Sum|0|1:2002:7|
12=system_20220515_1_sm_master/sm_master/Solver|NULL|12|104|104|1|V|S-Function OpIRTS|0|1:495|
120=system_20220515_1_sm_master/sm_master/PMU207_signals/Spoofing attack/Ramp/Product|NULL|120|1|1|1|S|Product|0|1:2002:5|
121=system_20220515_1_sm_master/sm_master/PMU207_signals/Spoofing attack/Ramp/Output|NULL|121|1|1|1|S|Sum|0|1:2002:4|
122=system_20220515_1_sm_master/sm_master/PMU207_signals/Spoofing attack/Saturation|NULL|122|1|1|1|S|Saturate|0|1:2003|
123=system_20220515_1_sm_master/sm_master/PMU207_signals/Spoofing attack/Multiply|NULL|123|1|1|1|S|Product|0|1:1999|
124=system_20220515_1_sm_master/sm_master/PMU207_signals/Spoofing attack/Add|NULL|124|2|2|1|V|Sum|0|1:1995|
125=system_20220515_1_sm_master/sm_master/PMU210_signals/Spoofing attack/Ramp/Step|NULL|125|1|1|1|S|Step|0|1:1898:6|
126=system_20220515_1_sm_master/sm_master/PMU210_signals/Spoofing attack/Ramp/Clock|NULL|126|1|1|1|S|Clock|0|1:1898:1|
127=system_20220515_1_sm_master/sm_master/PMU210_signals/Spoofing attack/Ramp/Sum|NULL|127|1|1|1|S|Sum|0|1:1898:7|
128=system_20220515_1_sm_master/sm_master/PMU210_signals/Spoofing attack/Ramp/Product|NULL|128|1|1|1|S|Product|0|1:1898:5|
129=system_20220515_1_sm_master/sm_master/PMU210_signals/Spoofing attack/Ramp/Output|NULL|129|1|1|1|S|Sum|0|1:1898:4|
13=system_20220515_1_sm_master/sm_master/Solver|NULL|13|104|104|1|V|S-Function OpIRTS|0|1:495|
130=system_20220515_1_sm_master/sm_master/PMU210_signals/Spoofing attack/Saturation|NULL|130|1|1|1|S|Saturate|0|1:1899|
131=system_20220515_1_sm_master/sm_master/PMU210_signals/Spoofing attack/Multiply|NULL|131|1|1|1|S|Product|0|1:1895|
132=system_20220515_1_sm_master/sm_master/PMU210_signals/Spoofing attack/Add|NULL|132|6|6|1|V|Sum|0|1:1891|
133=system_20220515_1_sm_master/sm_master/PMU216_signals/Spoofing attack/Ramp/Step|NULL|133|1|1|1|S|Step|0|1:1818:6|
134=system_20220515_1_sm_master/sm_master/PMU216_signals/Spoofing attack/Ramp/Clock|NULL|134|1|1|1|S|Clock|0|1:1818:1|
135=system_20220515_1_sm_master/sm_master/PMU216_signals/Spoofing attack/Ramp/Sum|NULL|135|1|1|1|S|Sum|0|1:1818:7|
136=system_20220515_1_sm_master/sm_master/PMU216_signals/Spoofing attack/Ramp/Product|NULL|136|1|1|1|S|Product|0|1:1818:5|
137=system_20220515_1_sm_master/sm_master/PMU216_signals/Spoofing attack/Ramp/Output|NULL|137|1|1|1|S|Sum|0|1:1818:4|
138=system_20220515_1_sm_master/sm_master/PMU216_signals/Spoofing attack/Saturation|NULL|138|1|1|1|S|Saturate|0|1:1819|
139=system_20220515_1_sm_master/sm_master/PMU216_signals/Spoofing attack/Multiply|NULL|139|1|1|1|S|Product|0|1:1815|
14=system_20220515_1_sm_master/sm_master/Solver|NULL|14|104|104|1|V|S-Function OpIRTS|0|1:495|
140=system_20220515_1_sm_master/sm_master/PMU216_signals/Spoofing attack/Add|NULL|140|5|5|1|V|Sum|0|1:1811|
141=system_20220515_1_sm_master/sm_master/PMU221_signals/Spoofing attack/Ramp/Step|NULL|141|1|1|1|S|Step|0|1:1924:6|
142=system_20220515_1_sm_master/sm_master/PMU221_signals/Spoofing attack/Ramp/Clock|NULL|142|1|1|1|S|Clock|0|1:1924:1|
143=system_20220515_1_sm_master/sm_master/PMU221_signals/Spoofing attack/Ramp/Sum|NULL|143|1|1|1|S|Sum|0|1:1924:7|
144=system_20220515_1_sm_master/sm_master/PMU221_signals/Spoofing attack/Ramp/Product|NULL|144|1|1|1|S|Product|0|1:1924:5|
145=system_20220515_1_sm_master/sm_master/PMU221_signals/Spoofing attack/Ramp/Output|NULL|145|1|1|1|S|Sum|0|1:1924:4|
146=system_20220515_1_sm_master/sm_master/PMU221_signals/Spoofing attack/Saturation|NULL|146|1|1|1|S|Saturate|0|1:1925|
147=system_20220515_1_sm_master/sm_master/PMU221_signals/Spoofing attack/Multiply|NULL|147|1|1|1|S|Product|0|1:1921|
148=system_20220515_1_sm_master/sm_master/PMU221_signals/Spoofing attack/Add|NULL|148|6|6|1|V|Sum|0|1:1917|
149=system_20220515_1_sm_master/sm_master/PMU223_signals/Spoofing attack/Ramp/Step|NULL|149|1|1|1|S|Step|0|1:1911:6|
15=system_20220515_1_sm_master/sm_master/Solver|NULL|15|104|104|1|V|S-Function OpIRTS|0|1:495|
150=system_20220515_1_sm_master/sm_master/PMU223_signals/Spoofing attack/Ramp/Clock|NULL|150|1|1|1|S|Clock|0|1:1911:1|
151=system_20220515_1_sm_master/sm_master/PMU223_signals/Spoofing attack/Ramp/Sum|NULL|151|1|1|1|S|Sum|0|1:1911:7|
152=system_20220515_1_sm_master/sm_master/PMU223_signals/Spoofing attack/Ramp/Product|NULL|152|1|1|1|S|Product|0|1:1911:5|
153=system_20220515_1_sm_master/sm_master/PMU223_signals/Spoofing attack/Ramp/Output|NULL|153|1|1|1|S|Sum|0|1:1911:4|
154=system_20220515_1_sm_master/sm_master/PMU223_signals/Spoofing attack/Saturation|NULL|154|1|1|1|S|Saturate|0|1:1912|
155=system_20220515_1_sm_master/sm_master/PMU223_signals/Spoofing attack/Multiply|NULL|155|1|1|1|S|Product|0|1:1908|
156=system_20220515_1_sm_master/sm_master/PMU223_signals/Spoofing attack/Add|NULL|156|6|6|1|V|Sum|0|1:1904|
157=system_20220515_1_sm_master/sm_master/PMU302_signals/Spoofing attack/Ramp/Step|NULL|157|1|1|1|S|Step|0|1:376:6|
158=system_20220515_1_sm_master/sm_master/PMU302_signals/Spoofing attack/Ramp/Clock|NULL|158|1|1|1|S|Clock|0|1:376:1|
159=system_20220515_1_sm_master/sm_master/PMU302_signals/Spoofing attack/Ramp/Sum|NULL|159|1|1|1|S|Sum|0|1:376:7|
16=system_20220515_1_sm_master/sm_master/Solver|NULL|16|104|104|1|V|S-Function OpIRTS|0|1:495|
160=system_20220515_1_sm_master/sm_master/PMU302_signals/Spoofing attack/Ramp/Product|NULL|160|1|1|1|S|Product|0|1:376:5|
161=system_20220515_1_sm_master/sm_master/PMU302_signals/Spoofing attack/Ramp/Output|NULL|161|1|1|1|S|Sum|0|1:376:4|
162=system_20220515_1_sm_master/sm_master/PMU302_signals/Spoofing attack/Saturation|NULL|162|1|1|1|S|Saturate|0|1:377|
163=system_20220515_1_sm_master/sm_master/PMU302_signals/Spoofing attack/Multiply|NULL|163|1|1|1|S|Product|0|1:373|
164=system_20220515_1_sm_master/sm_master/PMU302_signals/Spoofing attack/Add|NULL|164|4|4|1|V|Sum|0|1:369|
165=system_20220515_1_sm_master/sm_master/PMU303_signals/Spoofing attack/Ramp/Step|NULL|165|1|1|1|S|Step|0|1:401:6|
166=system_20220515_1_sm_master/sm_master/PMU303_signals/Spoofing attack/Ramp/Clock|NULL|166|1|1|1|S|Clock|0|1:401:1|
167=system_20220515_1_sm_master/sm_master/PMU303_signals/Spoofing attack/Ramp/Sum|NULL|167|1|1|1|S|Sum|0|1:401:7|
168=system_20220515_1_sm_master/sm_master/PMU303_signals/Spoofing attack/Ramp/Product|NULL|168|1|1|1|S|Product|0|1:401:5|
169=system_20220515_1_sm_master/sm_master/PMU303_signals/Spoofing attack/Ramp/Output|NULL|169|1|1|1|S|Sum|0|1:401:4|
17=system_20220515_1_sm_master/sm_master/Solver|NULL|17|104|104|1|V|S-Function OpIRTS|0|1:495|
170=system_20220515_1_sm_master/sm_master/PMU303_signals/Spoofing attack/Saturation|NULL|170|1|1|1|S|Saturate|0|1:402|
171=system_20220515_1_sm_master/sm_master/PMU303_signals/Spoofing attack/Multiply|NULL|171|1|1|1|S|Product|0|1:398|
172=system_20220515_1_sm_master/sm_master/PMU303_signals/Spoofing attack/Add|NULL|172|4|4|1|V|Sum|0|1:394|
173=system_20220515_1_sm_master/sm_master/PMU307_signals/Spoofing attack/Ramp/Step|NULL|173|1|1|1|S|Step|0|1:422:6|
174=system_20220515_1_sm_master/sm_master/PMU307_signals/Spoofing attack/Ramp/Clock|NULL|174|1|1|1|S|Clock|0|1:422:1|
175=system_20220515_1_sm_master/sm_master/PMU307_signals/Spoofing attack/Ramp/Sum|NULL|175|1|1|1|S|Sum|0|1:422:7|
176=system_20220515_1_sm_master/sm_master/PMU307_signals/Spoofing attack/Ramp/Product|NULL|176|1|1|1|S|Product|0|1:422:5|
177=system_20220515_1_sm_master/sm_master/PMU307_signals/Spoofing attack/Ramp/Output|NULL|177|1|1|1|S|Sum|0|1:422:4|
178=system_20220515_1_sm_master/sm_master/PMU307_signals/Spoofing attack/Saturation|NULL|178|1|1|1|S|Saturate|0|1:423|
179=system_20220515_1_sm_master/sm_master/PMU307_signals/Spoofing attack/Multiply|NULL|179|1|1|1|S|Product|0|1:419|
18=system_20220515_1_sm_master/sm_master/Solver|NULL|18|104|104|1|V|S-Function OpIRTS|0|1:495|
180=system_20220515_1_sm_master/sm_master/PMU307_signals/Spoofing attack/Add|NULL|180|2|2|1|V|Sum|0|1:415|
181=system_20220515_1_sm_master/sm_master/PMU310_signals/Spoofing attack/Ramp/Step|NULL|181|1|1|1|S|Step|0|1:451:6|
182=system_20220515_1_sm_master/sm_master/PMU310_signals/Spoofing attack/Ramp/Clock|NULL|182|1|1|1|S|Clock|0|1:451:1|
183=system_20220515_1_sm_master/sm_master/PMU310_signals/Spoofing attack/Ramp/Sum|NULL|183|1|1|1|S|Sum|0|1:451:7|
184=system_20220515_1_sm_master/sm_master/PMU310_signals/Spoofing attack/Ramp/Product|NULL|184|1|1|1|S|Product|0|1:451:5|
185=system_20220515_1_sm_master/sm_master/PMU310_signals/Spoofing attack/Ramp/Output|NULL|185|1|1|1|S|Sum|0|1:451:4|
186=system_20220515_1_sm_master/sm_master/PMU310_signals/Spoofing attack/Saturation|NULL|186|1|1|1|S|Saturate|0|1:452|
187=system_20220515_1_sm_master/sm_master/PMU310_signals/Spoofing attack/Multiply|NULL|187|1|1|1|S|Product|0|1:448|
188=system_20220515_1_sm_master/sm_master/PMU310_signals/Spoofing attack/Add|NULL|188|6|6|1|V|Sum|0|1:444|
189=system_20220515_1_sm_master/sm_master/PMU316_signals/Spoofing attack/Ramp/Step|NULL|189|1|1|1|S|Step|0|1:1544:6|
19=system_20220515_1_sm_master/sm_master/Solver|NULL|19|16|16|1|V|S-Function OpIRTS|0|1:495|
190=system_20220515_1_sm_master/sm_master/PMU316_signals/Spoofing attack/Ramp/Clock|NULL|190|1|1|1|S|Clock|0|1:1544:1|
191=system_20220515_1_sm_master/sm_master/PMU316_signals/Spoofing attack/Ramp/Sum|NULL|191|1|1|1|S|Sum|0|1:1544:7|
192=system_20220515_1_sm_master/sm_master/PMU316_signals/Spoofing attack/Ramp/Product|NULL|192|1|1|1|S|Product|0|1:1544:5|
193=system_20220515_1_sm_master/sm_master/PMU316_signals/Spoofing attack/Ramp/Output|NULL|193|1|1|1|S|Sum|0|1:1544:4|
194=system_20220515_1_sm_master/sm_master/PMU316_signals/Spoofing attack/Saturation|NULL|194|1|1|1|S|Saturate|0|1:1545|
195=system_20220515_1_sm_master/sm_master/PMU316_signals/Spoofing attack/Multiply|NULL|195|1|1|1|S|Product|0|1:1541|
196=system_20220515_1_sm_master/sm_master/PMU316_signals/Spoofing attack/Add|NULL|196|5|5|1|V|Sum|0|1:1537|
197=system_20220515_1_sm_master/sm_master/PMU321_signals/Spoofing attack/Ramp/Step|NULL|197|1|1|1|S|Step|0|1:1583:6|
198=system_20220515_1_sm_master/sm_master/PMU321_signals/Spoofing attack/Ramp/Clock|NULL|198|1|1|1|S|Clock|0|1:1583:1|
199=system_20220515_1_sm_master/sm_master/PMU321_signals/Spoofing attack/Ramp/Sum|NULL|199|1|1|1|S|Sum|0|1:1583:7|
2=system_20220515_1_sm_master/sm_master/Constant|NULL|2|1|1|1|S|Constant|0|1:37|
20=system_20220515_1_sm_master/sm_master/Solver|NULL|20|16|16|1|V|S-Function OpIRTS|0|1:495|
200=system_20220515_1_sm_master/sm_master/PMU321_signals/Spoofing attack/Ramp/Product|NULL|200|1|1|1|S|Product|0|1:1583:5|
201=system_20220515_1_sm_master/sm_master/PMU321_signals/Spoofing attack/Ramp/Output|NULL|201|1|1|1|S|Sum|0|1:1583:4|
202=system_20220515_1_sm_master/sm_master/PMU321_signals/Spoofing attack/Saturation|NULL|202|1|1|1|S|Saturate|0|1:1584|
203=system_20220515_1_sm_master/sm_master/PMU321_signals/Spoofing attack/Multiply|NULL|203|1|1|1|S|Product|0|1:1580|
204=system_20220515_1_sm_master/sm_master/PMU321_signals/Spoofing attack/Add|NULL|204|6|6|1|V|Sum|0|1:1576|
205=system_20220515_1_sm_master/sm_master/PMU323_signals/Spoofing attack/Ramp/Step|NULL|205|1|1|1|S|Step|0|1:480:6|
206=system_20220515_1_sm_master/sm_master/PMU323_signals/Spoofing attack/Ramp/Clock|NULL|206|1|1|1|S|Clock|0|1:480:1|
207=system_20220515_1_sm_master/sm_master/PMU323_signals/Spoofing attack/Ramp/Sum|NULL|207|1|1|1|S|Sum|0|1:480:7|
208=system_20220515_1_sm_master/sm_master/PMU323_signals/Spoofing attack/Ramp/Product|NULL|208|1|1|1|S|Product|0|1:480:5|
209=system_20220515_1_sm_master/sm_master/PMU323_signals/Spoofing attack/Ramp/Output|NULL|209|1|1|1|S|Sum|0|1:480:4|
21=system_20220515_1_sm_master/sm_master/Solver|NULL|21|16|16|1|V|S-Function OpIRTS|0|1:495|
210=system_20220515_1_sm_master/sm_master/PMU323_signals/Spoofing attack/Saturation|NULL|210|1|1|1|S|Saturate|0|1:481|
211=system_20220515_1_sm_master/sm_master/PMU323_signals/Spoofing attack/Multiply|NULL|211|1|1|1|S|Product|0|1:477|
212=system_20220515_1_sm_master/sm_master/PMU323_signals/Spoofing attack/Add|NULL|212|6|6|1|V|Sum|0|1:473|
213=system_20220515_1_sm_master/sm_master/xf_iang1_noise/Random Number|NULL|213|16|16|1|V|RandomNumber|0|1:2068|
214=system_20220515_1_sm_master/sm_master/xf_iang1_noise/Add1|NULL|214|16|16|1|V|Sum|0|1:2067|
215=system_20220515_1_sm_master/sm_master/Gain4|NULL|215|16|16|1|V|Gain|0|1:162|
216=system_20220515_1_sm_master/sm_master/xf_imag1_noise/Random Number|NULL|216|16|16|1|V|RandomNumber|0|1:2043|
217=system_20220515_1_sm_master/sm_master/xf_imag1_noise/Add1|NULL|217|16|16|1|V|Sum|0|1:2042|
218=system_20220515_1_sm_master/sm_master/bus_va_noise/MATLAB Function|y|218|73|73|1|V|Stateflow|0|1:2070|
219=system_20220515_1_sm_master/sm_master/xf_iang1_noise/MATLAB Function|y|219|16|16|1|V|Stateflow|0|1:2074|
22=system_20220515_1_sm_master/sm_master/Solver|NULL|22|16|16|1|V|S-Function OpIRTS|0|1:495|
220=system_20220515_1_sm_master/sm_master/xf_iang0_noise/MATLAB Function|y|220|16|16|1|V|Stateflow|0|1:2073|
221=system_20220515_1_sm_master/sm_master/line_iang1_noise/MATLAB Function|y|221|104|104|1|V|Stateflow|0|1:2072|
222=system_20220515_1_sm_master/sm_master/line_iang0_noise/MATLAB Function|y|222|104|104|1|V|Stateflow|0|1:2071|
223=system_20220515_1_sm_master/sm_master/Timestamp selector/clock_sync/OpOutput/Data Type Conversion|NULL|223|1|1|1|S|DataTypeConversion|0|1:733:234|
224=system_20220515_1_sm_master/sm_master/Timestamp selector/clock_ns/OpOutput/Data Type Conversion|NULL|224|1|1|1|S|DataTypeConversion|0|1:732:234|
225=system_20220515_1_sm_master/sm_master/Timestamp selector/clock_epoch/OpOutput/Data Type Conversion|NULL|225|1|1|1|S|DataTypeConversion|0|1:731:234|
226=system_20220515_1_sm_master/sm_master/PMU323_signals/PMU323_Vm/OpOutput/Data Type Conversion|NULL|226|1|1|1|S|DataTypeConversion|0|1:470:234|
227=system_20220515_1_sm_master/sm_master/PMU323_signals/PMU323_Va/OpOutput/Data Type Conversion|NULL|227|1|1|1|S|DataTypeConversion|0|1:469:234|
228=system_20220515_1_sm_master/sm_master/PMU323_signals/PMU323_I5m/OpOutput/Data Type Conversion|NULL|228|1|1|1|S|DataTypeConversion|0|1:468:234|
229=system_20220515_1_sm_master/sm_master/PMU323_signals/PMU323_I5a/OpOutput/Data Type Conversion|NULL|229|1|1|1|S|DataTypeConversion|0|1:467:234|
23=system_20220515_1_sm_master/sm_master/bus_vm_noise/Random Number|NULL|23|73|73|1|V|RandomNumber|0|1:2024|
230=system_20220515_1_sm_master/sm_master/PMU323_signals/PMU323_I4m/OpOutput/Data Type Conversion|NULL|230|1|1|1|S|DataTypeConversion|0|1:466:234|
231=system_20220515_1_sm_master/sm_master/PMU323_signals/PMU323_I4a/OpOutput/Data Type Conversion|NULL|231|1|1|1|S|DataTypeConversion|0|1:465:234|
232=system_20220515_1_sm_master/sm_master/PMU323_signals/PMU323_I3m/OpOutput/Data Type Conversion|NULL|232|1|1|1|S|DataTypeConversion|0|1:464:234|
233=system_20220515_1_sm_master/sm_master/PMU323_signals/PMU323_I3a/OpOutput/Data Type Conversion|NULL|233|1|1|1|S|DataTypeConversion|0|1:463:234|
234=system_20220515_1_sm_master/sm_master/PMU323_signals/PMU323_I2m/OpOutput/Data Type Conversion|NULL|234|1|1|1|S|DataTypeConversion|0|1:462:234|
235=system_20220515_1_sm_master/sm_master/PMU323_signals/PMU323_I2a/OpOutput/Data Type Conversion|NULL|235|1|1|1|S|DataTypeConversion|0|1:461:234|
236=system_20220515_1_sm_master/sm_master/PMU323_signals/PMU323_I1m/OpOutput/Data Type Conversion|NULL|236|1|1|1|S|DataTypeConversion|0|1:460:234|
237=system_20220515_1_sm_master/sm_master/PMU323_signals/PMU323_I1a/OpOutput/Data Type Conversion|NULL|237|1|1|1|S|DataTypeConversion|0|1:459:234|
238=system_20220515_1_sm_master/sm_master/PMU321_signals/PMU321_Vm/OpOutput/Data Type Conversion|NULL|238|1|1|1|S|DataTypeConversion|0|1:1573:234|
239=system_20220515_1_sm_master/sm_master/PMU321_signals/PMU321_Va/OpOutput/Data Type Conversion|NULL|239|1|1|1|S|DataTypeConversion|0|1:1572:234|
24=system_20220515_1_sm_master/sm_master/bus_vm_noise/Add1|NULL|24|73|73|1|V|Sum|0|1:2019|
240=system_20220515_1_sm_master/sm_master/PMU321_signals/PMU321_I5m/OpOutput/Data Type Conversion|NULL|240|1|1|1|S|DataTypeConversion|0|1:1571:234|
241=system_20220515_1_sm_master/sm_master/PMU321_signals/PMU321_I5a/OpOutput/Data Type Conversion|NULL|241|1|1|1|S|DataTypeConversion|0|1:1570:234|
242=system_20220515_1_sm_master/sm_master/PMU321_signals/PMU321_I4m/OpOutput/Data Type Conversion|NULL|242|1|1|1|S|DataTypeConversion|0|1:1569:234|
243=system_20220515_1_sm_master/sm_master/PMU321_signals/PMU321_I4a/OpOutput/Data Type Conversion|NULL|243|1|1|1|S|DataTypeConversion|0|1:1568:234|
244=system_20220515_1_sm_master/sm_master/PMU321_signals/PMU321_I3m/OpOutput/Data Type Conversion|NULL|244|1|1|1|S|DataTypeConversion|0|1:1567:234|
245=system_20220515_1_sm_master/sm_master/PMU321_signals/PMU321_I3a/OpOutput/Data Type Conversion|NULL|245|1|1|1|S|DataTypeConversion|0|1:1566:234|
246=system_20220515_1_sm_master/sm_master/PMU321_signals/PMU321_I2m/OpOutput/Data Type Conversion|NULL|246|1|1|1|S|DataTypeConversion|0|1:1565:234|
247=system_20220515_1_sm_master/sm_master/PMU321_signals/PMU321_I2a/OpOutput/Data Type Conversion|NULL|247|1|1|1|S|DataTypeConversion|0|1:1564:234|
248=system_20220515_1_sm_master/sm_master/PMU321_signals/PMU321_I1m/OpOutput/Data Type Conversion|NULL|248|1|1|1|S|DataTypeConversion|0|1:1563:234|
249=system_20220515_1_sm_master/sm_master/PMU321_signals/PMU321_I1a/OpOutput/Data Type Conversion|NULL|249|1|1|1|S|DataTypeConversion|0|1:1562:234|
25=system_20220515_1_sm_master/sm_master/bus_va_noise/Random Number|NULL|25|73|73|1|V|RandomNumber|0|1:2048|
250=system_20220515_1_sm_master/sm_master/PMU316_signals/PMU316_Vm/OpOutput/Data Type Conversion|NULL|250|1|1|1|S|DataTypeConversion|0|1:1534:234|
251=system_20220515_1_sm_master/sm_master/PMU316_signals/PMU316_Va/OpOutput/Data Type Conversion|NULL|251|1|1|1|S|DataTypeConversion|0|1:1533:234|
252=system_20220515_1_sm_master/sm_master/PMU316_signals/PMU316_I4m/OpOutput/Data Type Conversion|NULL|252|1|1|1|S|DataTypeConversion|0|1:1532:234|
253=system_20220515_1_sm_master/sm_master/PMU316_signals/PMU316_I4a/OpOutput/Data Type Conversion|NULL|253|1|1|1|S|DataTypeConversion|0|1:1531:234|
254=system_20220515_1_sm_master/sm_master/PMU316_signals/PMU316_I3m/OpOutput/Data Type Conversion|NULL|254|1|1|1|S|DataTypeConversion|0|1:1530:234|
255=system_20220515_1_sm_master/sm_master/PMU316_signals/PMU316_I3a/OpOutput/Data Type Conversion|NULL|255|1|1|1|S|DataTypeConversion|0|1:1529:234|
256=system_20220515_1_sm_master/sm_master/PMU316_signals/PMU316_I2m/OpOutput/Data Type Conversion|NULL|256|1|1|1|S|DataTypeConversion|0|1:1528:234|
257=system_20220515_1_sm_master/sm_master/PMU316_signals/PMU316_I2a/OpOutput/Data Type Conversion|NULL|257|1|1|1|S|DataTypeConversion|0|1:1527:234|
258=system_20220515_1_sm_master/sm_master/PMU316_signals/PMU316_I1m/OpOutput/Data Type Conversion|NULL|258|1|1|1|S|DataTypeConversion|0|1:1526:234|
259=system_20220515_1_sm_master/sm_master/PMU316_signals/PMU316_I1a/OpOutput/Data Type Conversion|NULL|259|1|1|1|S|DataTypeConversion|0|1:1525:234|
26=system_20220515_1_sm_master/sm_master/bus_va_noise/Add1|NULL|26|73|73|1|V|Sum|0|1:2047|
260=system_20220515_1_sm_master/sm_master/PMU310_signals/PMU310_Vm/OpOutput/Data Type Conversion|NULL|260|1|1|1|S|DataTypeConversion|0|1:441:234|
261=system_20220515_1_sm_master/sm_master/PMU310_signals/PMU310_Va/OpOutput/Data Type Conversion|NULL|261|1|1|1|S|DataTypeConversion|0|1:440:234|
262=system_20220515_1_sm_master/sm_master/PMU310_signals/PMU310_I5m/OpOutput/Data Type Conversion|NULL|262|1|1|1|S|DataTypeConversion|0|1:439:234|
263=system_20220515_1_sm_master/sm_master/PMU310_signals/PMU310_I5a/OpOutput/Data Type Conversion|NULL|263|1|1|1|S|DataTypeConversion|0|1:438:234|
264=system_20220515_1_sm_master/sm_master/PMU310_signals/PMU310_I4m/OpOutput/Data Type Conversion|NULL|264|1|1|1|S|DataTypeConversion|0|1:437:234|
265=system_20220515_1_sm_master/sm_master/PMU310_signals/PMU310_I4a/OpOutput/Data Type Conversion|NULL|265|1|1|1|S|DataTypeConversion|0|1:436:234|
266=system_20220515_1_sm_master/sm_master/PMU310_signals/PMU310_I3m/OpOutput/Data Type Conversion|NULL|266|1|1|1|S|DataTypeConversion|0|1:435:234|
267=system_20220515_1_sm_master/sm_master/PMU310_signals/PMU310_I3a/OpOutput/Data Type Conversion|NULL|267|1|1|1|S|DataTypeConversion|0|1:434:234|
268=system_20220515_1_sm_master/sm_master/PMU310_signals/PMU310_I2m/OpOutput/Data Type Conversion|NULL|268|1|1|1|S|DataTypeConversion|0|1:433:234|
269=system_20220515_1_sm_master/sm_master/PMU310_signals/PMU310_I2a/OpOutput/Data Type Conversion|NULL|269|1|1|1|S|DataTypeConversion|0|1:432:234|
27=system_20220515_1_sm_master/sm_master/Constant3|NULL|27|1|1|1|S|Constant|0|1:40|
270=system_20220515_1_sm_master/sm_master/PMU310_signals/PMU310_I1m/OpOutput/Data Type Conversion|NULL|270|1|1|1|S|DataTypeConversion|0|1:431:234|
271=system_20220515_1_sm_master/sm_master/PMU310_signals/PMU310_I1a/OpOutput/Data Type Conversion|NULL|271|1|1|1|S|DataTypeConversion|0|1:430:234|
272=system_20220515_1_sm_master/sm_master/PMU307_signals/PMU307_Vm/OpOutput/Data Type Conversion|NULL|272|1|1|1|S|DataTypeConversion|0|1:412:234|
273=system_20220515_1_sm_master/sm_master/PMU307_signals/PMU307_Va/OpOutput/Data Type Conversion|NULL|273|1|1|1|S|DataTypeConversion|0|1:411:234|
274=system_20220515_1_sm_master/sm_master/PMU307_signals/PMU307_I1m/OpOutput/Data Type Conversion|NULL|274|1|1|1|S|DataTypeConversion|0|1:410:234|
275=system_20220515_1_sm_master/sm_master/PMU307_signals/PMU307_I1a/OpOutput/Data Type Conversion|NULL|275|1|1|1|S|DataTypeConversion|0|1:409:234|
276=system_20220515_1_sm_master/sm_master/PMU303_signals/PMU303_Vm/OpOutput/Data Type Conversion|NULL|276|1|1|1|S|DataTypeConversion|0|1:391:234|
277=system_20220515_1_sm_master/sm_master/PMU303_signals/PMU303_Va/OpOutput/Data Type Conversion|NULL|277|1|1|1|S|DataTypeConversion|0|1:390:234|
278=system_20220515_1_sm_master/sm_master/PMU303_signals/PMU303_I3m/OpOutput/Data Type Conversion|NULL|278|1|1|1|S|DataTypeConversion|0|1:389:234|
279=system_20220515_1_sm_master/sm_master/PMU303_signals/PMU303_I3a/OpOutput/Data Type Conversion|NULL|279|1|1|1|S|DataTypeConversion|0|1:388:234|
28=system_20220515_1_sm_master/sm_master/TSync PCIe Ctrl|NULL|28|8|8|1|V|S-Function sfun_tsync_pcie_ctrl|0|1:717|
280=system_20220515_1_sm_master/sm_master/PMU303_signals/PMU303_I2m/OpOutput/Data Type Conversion|NULL|280|1|1|1|S|DataTypeConversion|0|1:387:234|
281=system_20220515_1_sm_master/sm_master/PMU303_signals/PMU303_I2a/OpOutput/Data Type Conversion|NULL|281|1|1|1|S|DataTypeConversion|0|1:386:234|
282=system_20220515_1_sm_master/sm_master/PMU303_signals/PMU303_I1m/OpOutput/Data Type Conversion|NULL|282|1|1|1|S|DataTypeConversion|0|1:385:234|
283=system_20220515_1_sm_master/sm_master/PMU303_signals/PMU303_I1a/OpOutput/Data Type Conversion|NULL|283|1|1|1|S|DataTypeConversion|0|1:384:234|
284=system_20220515_1_sm_master/sm_master/PMU302_signals/PMU302_Vm/OpOutput/Data Type Conversion|NULL|284|1|1|1|S|DataTypeConversion|0|1:366:234|
285=system_20220515_1_sm_master/sm_master/PMU302_signals/PMU302_Va/OpOutput/Data Type Conversion|NULL|285|1|1|1|S|DataTypeConversion|0|1:365:234|
286=system_20220515_1_sm_master/sm_master/PMU302_signals/PMU302_I3m/OpOutput/Data Type Conversion|NULL|286|1|1|1|S|DataTypeConversion|0|1:364:234|
287=system_20220515_1_sm_master/sm_master/PMU302_signals/PMU302_I3a/OpOutput/Data Type Conversion|NULL|287|1|1|1|S|DataTypeConversion|0|1:363:234|
288=system_20220515_1_sm_master/sm_master/PMU302_signals/PMU302_I2m/OpOutput/Data Type Conversion|NULL|288|1|1|1|S|DataTypeConversion|0|1:362:234|
289=system_20220515_1_sm_master/sm_master/PMU302_signals/PMU302_I2a/OpOutput/Data Type Conversion|NULL|289|1|1|1|S|DataTypeConversion|0|1:361:234|
29=system_20220515_1_sm_master/sm_master/PMU102_signals/Spoofing attack/Ramp/Step|NULL|29|1|1|1|S|Step|0|1:1989:6|
290=system_20220515_1_sm_master/sm_master/PMU302_signals/PMU302_I1m/OpOutput/Data Type Conversion|NULL|290|1|1|1|S|DataTypeConversion|0|1:360:234|
291=system_20220515_1_sm_master/sm_master/PMU302_signals/PMU302_I1a/OpOutput/Data Type Conversion|NULL|291|1|1|1|S|DataTypeConversion|0|1:359:234|
292=system_20220515_1_sm_master/sm_master/PMU223_signals/PMU223_Vm/OpOutput/Data Type Conversion|NULL|292|1|1|1|S|DataTypeConversion|0|1:1857:234|
293=system_20220515_1_sm_master/sm_master/PMU223_signals/PMU223_Va/OpOutput/Data Type Conversion|NULL|293|1|1|1|S|DataTypeConversion|0|1:1856:234|
294=system_20220515_1_sm_master/sm_master/PMU223_signals/PMU223_I5m/OpOutput/Data Type Conversion|NULL|294|1|1|1|S|DataTypeConversion|0|1:1855:234|
295=system_20220515_1_sm_master/sm_master/PMU223_signals/PMU223_I5a/OpOutput/Data Type Conversion|NULL|295|1|1|1|S|DataTypeConversion|0|1:1854:234|
296=system_20220515_1_sm_master/sm_master/PMU223_signals/PMU223_I4m/OpOutput/Data Type Conversion|NULL|296|1|1|1|S|DataTypeConversion|0|1:1853:234|
297=system_20220515_1_sm_master/sm_master/PMU223_signals/PMU223_I4a/OpOutput/Data Type Conversion|NULL|297|1|1|1|S|DataTypeConversion|0|1:1852:234|
298=system_20220515_1_sm_master/sm_master/PMU223_signals/PMU223_I3m/OpOutput/Data Type Conversion|NULL|298|1|1|1|S|DataTypeConversion|0|1:1851:234|
299=system_20220515_1_sm_master/sm_master/PMU223_signals/PMU223_I3a/OpOutput/Data Type Conversion|NULL|299|1|1|1|S|DataTypeConversion|0|1:1850:234|
3=system_20220515_1_sm_master/sm_master/Step|NULL|3|1|1|1|S|Step|0|1:496|
30=system_20220515_1_sm_master/sm_master/PMU102_signals/Spoofing attack/Ramp/Clock|NULL|30|1|1|1|S|Clock|0|1:1989:1|
300=system_20220515_1_sm_master/sm_master/PMU223_signals/PMU223_I2m/OpOutput/Data Type Conversion|NULL|300|1|1|1|S|DataTypeConversion|0|1:1849:234|
301=system_20220515_1_sm_master/sm_master/PMU223_signals/PMU223_I2a/OpOutput/Data Type Conversion|NULL|301|1|1|1|S|DataTypeConversion|0|1:1848:234|
302=system_20220515_1_sm_master/sm_master/PMU223_signals/PMU223_I1m/OpOutput/Data Type Conversion|NULL|302|1|1|1|S|DataTypeConversion|0|1:1847:234|
303=system_20220515_1_sm_master/sm_master/PMU223_signals/PMU223_I1a/OpOutput/Data Type Conversion|NULL|303|1|1|1|S|DataTypeConversion|0|1:1846:234|
304=system_20220515_1_sm_master/sm_master/PMU221_signals/PMU221_Vm/OpOutput/Data Type Conversion|NULL|304|1|1|1|S|DataTypeConversion|0|1:1839:234|
305=system_20220515_1_sm_master/sm_master/PMU221_signals/PMU221_Va/OpOutput/Data Type Conversion|NULL|305|1|1|1|S|DataTypeConversion|0|1:1838:234|
306=system_20220515_1_sm_master/sm_master/PMU221_signals/PMU221_I5m/OpOutput/Data Type Conversion|NULL|306|1|1|1|S|DataTypeConversion|0|1:1837:234|
307=system_20220515_1_sm_master/sm_master/PMU221_signals/PMU221_I5a/OpOutput/Data Type Conversion|NULL|307|1|1|1|S|DataTypeConversion|0|1:1836:234|
308=system_20220515_1_sm_master/sm_master/PMU221_signals/PMU221_I4m/OpOutput/Data Type Conversion|NULL|308|1|1|1|S|DataTypeConversion|0|1:1835:234|
309=system_20220515_1_sm_master/sm_master/PMU221_signals/PMU221_I4a/OpOutput/Data Type Conversion|NULL|309|1|1|1|S|DataTypeConversion|0|1:1834:234|
31=system_20220515_1_sm_master/sm_master/PMU102_signals/Spoofing attack/Ramp/Sum|NULL|31|1|1|1|S|Sum|0|1:1989:7|
310=system_20220515_1_sm_master/sm_master/PMU221_signals/PMU221_I3m/OpOutput/Data Type Conversion|NULL|310|1|1|1|S|DataTypeConversion|0|1:1833:234|
311=system_20220515_1_sm_master/sm_master/PMU221_signals/PMU221_I3a/OpOutput/Data Type Conversion|NULL|311|1|1|1|S|DataTypeConversion|0|1:1832:234|
312=system_20220515_1_sm_master/sm_master/PMU221_signals/PMU221_I2m/OpOutput/Data Type Conversion|NULL|312|1|1|1|S|DataTypeConversion|0|1:1831:234|
313=system_20220515_1_sm_master/sm_master/PMU221_signals/PMU221_I2a/OpOutput/Data Type Conversion|NULL|313|1|1|1|S|DataTypeConversion|0|1:1830:234|
314=system_20220515_1_sm_master/sm_master/PMU221_signals/PMU221_I1m/OpOutput/Data Type Conversion|NULL|314|1|1|1|S|DataTypeConversion|0|1:1829:234|
315=system_20220515_1_sm_master/sm_master/PMU221_signals/PMU221_I1a/OpOutput/Data Type Conversion|NULL|315|1|1|1|S|DataTypeConversion|0|1:1828:234|
316=system_20220515_1_sm_master/sm_master/PMU216_signals/PMU216_Vm/OpOutput/Data Type Conversion|NULL|316|1|1|1|S|DataTypeConversion|0|1:1808:234|
317=system_20220515_1_sm_master/sm_master/PMU216_signals/PMU216_Va/OpOutput/Data Type Conversion|NULL|317|1|1|1|S|DataTypeConversion|0|1:1807:234|
318=system_20220515_1_sm_master/sm_master/PMU216_signals/PMU216_I4m/OpOutput/Data Type Conversion|NULL|318|1|1|1|S|DataTypeConversion|0|1:1806:234|
319=system_20220515_1_sm_master/sm_master/PMU216_signals/PMU216_I4a/OpOutput/Data Type Conversion|NULL|319|1|1|1|S|DataTypeConversion|0|1:1805:234|
32=system_20220515_1_sm_master/sm_master/PMU102_signals/Spoofing attack/Ramp/Product|NULL|32|1|1|1|S|Product|0|1:1989:5|
320=system_20220515_1_sm_master/sm_master/PMU216_signals/PMU216_I3m/OpOutput/Data Type Conversion|NULL|320|1|1|1|S|DataTypeConversion|0|1:1804:234|
321=system_20220515_1_sm_master/sm_master/PMU216_signals/PMU216_I3a/OpOutput/Data Type Conversion|NULL|321|1|1|1|S|DataTypeConversion|0|1:1803:234|
322=system_20220515_1_sm_master/sm_master/PMU216_signals/PMU216_I2m/OpOutput/Data Type Conversion|NULL|322|1|1|1|S|DataTypeConversion|0|1:1802:234|
323=system_20220515_1_sm_master/sm_master/PMU216_signals/PMU216_I2a/OpOutput/Data Type Conversion|NULL|323|1|1|1|S|DataTypeConversion|0|1:1801:234|
324=system_20220515_1_sm_master/sm_master/PMU216_signals/PMU216_I1m/OpOutput/Data Type Conversion|NULL|324|1|1|1|S|DataTypeConversion|0|1:1800:234|
325=system_20220515_1_sm_master/sm_master/PMU216_signals/PMU216_I1a/OpOutput/Data Type Conversion|NULL|325|1|1|1|S|DataTypeConversion|0|1:1799:234|
326=system_20220515_1_sm_master/sm_master/PMU210_signals/PMU210_Vm/OpOutput/Data Type Conversion|NULL|326|1|1|1|S|DataTypeConversion|0|1:1792:234|
327=system_20220515_1_sm_master/sm_master/PMU210_signals/PMU210_Va/OpOutput/Data Type Conversion|NULL|327|1|1|1|S|DataTypeConversion|0|1:1791:234|
328=system_20220515_1_sm_master/sm_master/PMU210_signals/PMU210_I5m/OpOutput/Data Type Conversion|NULL|328|1|1|1|S|DataTypeConversion|0|1:1790:234|
329=system_20220515_1_sm_master/sm_master/PMU210_signals/PMU210_I5a/OpOutput/Data Type Conversion|NULL|329|1|1|1|S|DataTypeConversion|0|1:1789:234|
33=system_20220515_1_sm_master/sm_master/PMU102_signals/Spoofing attack/Ramp/Output|NULL|33|1|1|1|S|Sum|0|1:1989:4|
330=system_20220515_1_sm_master/sm_master/PMU210_signals/PMU210_I4m/OpOutput/Data Type Conversion|NULL|330|1|1|1|S|DataTypeConversion|0|1:1788:234|
331=system_20220515_1_sm_master/sm_master/PMU210_signals/PMU210_I4a/OpOutput/Data Type Conversion|NULL|331|1|1|1|S|DataTypeConversion|0|1:1787:234|
332=system_20220515_1_sm_master/sm_master/PMU210_signals/PMU210_I3m/OpOutput/Data Type Conversion|NULL|332|1|1|1|S|DataTypeConversion|0|1:1786:234|
333=system_20220515_1_sm_master/sm_master/PMU210_signals/PMU210_I3a/OpOutput/Data Type Conversion|NULL|333|1|1|1|S|DataTypeConversion|0|1:1785:234|
334=system_20220515_1_sm_master/sm_master/PMU210_signals/PMU210_I2m/OpOutput/Data Type Conversion|NULL|334|1|1|1|S|DataTypeConversion|0|1:1784:234|
335=system_20220515_1_sm_master/sm_master/PMU210_signals/PMU210_I2a/OpOutput/Data Type Conversion|NULL|335|1|1|1|S|DataTypeConversion|0|1:1783:234|
336=system_20220515_1_sm_master/sm_master/PMU210_signals/PMU210_I1m/OpOutput/Data Type Conversion|NULL|336|1|1|1|S|DataTypeConversion|0|1:1782:234|
337=system_20220515_1_sm_master/sm_master/PMU210_signals/PMU210_I1a/OpOutput/Data Type Conversion|NULL|337|1|1|1|S|DataTypeConversion|0|1:1781:234|
338=system_20220515_1_sm_master/sm_master/PMU207_signals/PMU207_Vm/OpOutput/Data Type Conversion|NULL|338|1|1|1|S|DataTypeConversion|0|1:1761:234|
339=system_20220515_1_sm_master/sm_master/PMU207_signals/PMU207_Va/OpOutput/Data Type Conversion|NULL|339|1|1|1|S|DataTypeConversion|0|1:1760:234|
34=system_20220515_1_sm_master/sm_master/PMU102_signals/Spoofing attack/Saturation|NULL|34|1|1|1|S|Saturate|0|1:1990|
340=system_20220515_1_sm_master/sm_master/PMU207_signals/PMU207_I1m/OpOutput/Data Type Conversion|NULL|340|1|1|1|S|DataTypeConversion|0|1:1759:234|
341=system_20220515_1_sm_master/sm_master/PMU207_signals/PMU207_I1a/OpOutput/Data Type Conversion|NULL|341|1|1|1|S|DataTypeConversion|0|1:1758:234|
342=system_20220515_1_sm_master/sm_master/PMU203_signals/PMU203_Vm/OpOutput/Data Type Conversion|NULL|342|1|1|1|S|DataTypeConversion|0|1:1738:234|
343=system_20220515_1_sm_master/sm_master/PMU203_signals/PMU203_Va/OpOutput/Data Type Conversion|NULL|343|1|1|1|S|DataTypeConversion|0|1:1737:234|
344=system_20220515_1_sm_master/sm_master/PMU203_signals/PMU203_I4m/OpOutput/Data Type Conversion|NULL|344|1|1|1|S|DataTypeConversion|0|1:1736:234|
345=system_20220515_1_sm_master/sm_master/PMU203_signals/PMU203_I4a/OpOutput/Data Type Conversion|NULL|345|1|1|1|S|DataTypeConversion|0|1:1735:234|
346=system_20220515_1_sm_master/sm_master/PMU203_signals/PMU203_I3m/OpOutput/Data Type Conversion|NULL|346|1|1|1|S|DataTypeConversion|0|1:1734:234|
347=system_20220515_1_sm_master/sm_master/PMU203_signals/PMU203_I3a/OpOutput/Data Type Conversion|NULL|347|1|1|1|S|DataTypeConversion|0|1:1733:234|
348=system_20220515_1_sm_master/sm_master/PMU203_signals/PMU203_I2m/OpOutput/Data Type Conversion|NULL|348|1|1|1|S|DataTypeConversion|0|1:1732:234|
349=system_20220515_1_sm_master/sm_master/PMU203_signals/PMU203_I2a/OpOutput/Data Type Conversion|NULL|349|1|1|1|S|DataTypeConversion|0|1:1731:234|
35=system_20220515_1_sm_master/sm_master/PMU102_signals/Spoofing attack/Multiply|NULL|35|1|1|1|S|Product|0|1:1986|
350=system_20220515_1_sm_master/sm_master/PMU203_signals/PMU203_I1m/OpOutput/Data Type Conversion|NULL|350|1|1|1|S|DataTypeConversion|0|1:1730:234|
351=system_20220515_1_sm_master/sm_master/PMU203_signals/PMU203_I1a/OpOutput/Data Type Conversion|NULL|351|1|1|1|S|DataTypeConversion|0|1:1729:234|
352=system_20220515_1_sm_master/sm_master/PMU202_signals/PMU202_Vm/OpOutput/Data Type Conversion|NULL|352|1|1|1|S|DataTypeConversion|0|1:1722:234|
353=system_20220515_1_sm_master/sm_master/PMU202_signals/PMU202_Va/OpOutput/Data Type Conversion|NULL|353|1|1|1|S|DataTypeConversion|0|1:1721:234|
354=system_20220515_1_sm_master/sm_master/PMU202_signals/PMU202_I3m/OpOutput/Data Type Conversion|NULL|354|1|1|1|S|DataTypeConversion|0|1:1861:234|
355=system_20220515_1_sm_master/sm_master/PMU202_signals/PMU202_I3a/OpOutput/Data Type Conversion|NULL|355|1|1|1|S|DataTypeConversion|0|1:1862:234|
356=system_20220515_1_sm_master/sm_master/PMU202_signals/PMU202_I2m/OpOutput/Data Type Conversion|NULL|356|1|1|1|S|DataTypeConversion|0|1:1720:234|
357=system_20220515_1_sm_master/sm_master/PMU202_signals/PMU202_I2a/OpOutput/Data Type Conversion|NULL|357|1|1|1|S|DataTypeConversion|0|1:1719:234|
358=system_20220515_1_sm_master/sm_master/PMU202_signals/PMU202_I1m/OpOutput/Data Type Conversion|NULL|358|1|1|1|S|DataTypeConversion|0|1:1718:234|
359=system_20220515_1_sm_master/sm_master/PMU202_signals/PMU202_I1a/OpOutput/Data Type Conversion|NULL|359|1|1|1|S|DataTypeConversion|0|1:1717:234|
36=system_20220515_1_sm_master/sm_master/Gain|NULL|36|73|73|1|V|Gain|0|1:158|
360=system_20220515_1_sm_master/sm_master/PMU123_signals/PMU123_Vm/OpOutput/Data Type Conversion|NULL|360|1|1|1|S|DataTypeConversion|0|1:1434:234|
361=system_20220515_1_sm_master/sm_master/PMU123_signals/PMU123_Va/OpOutput/Data Type Conversion|NULL|361|1|1|1|S|DataTypeConversion|0|1:1433:234|
362=system_20220515_1_sm_master/sm_master/PMU123_signals/PMU123_I5m/OpOutput/Data Type Conversion|NULL|362|1|1|1|S|DataTypeConversion|0|1:1432:234|
363=system_20220515_1_sm_master/sm_master/PMU123_signals/PMU123_I5a/OpOutput/Data Type Conversion|NULL|363|1|1|1|S|DataTypeConversion|0|1:1431:234|
364=system_20220515_1_sm_master/sm_master/PMU123_signals/PMU123_I4m/OpOutput/Data Type Conversion|NULL|364|1|1|1|S|DataTypeConversion|0|1:1430:234|
365=system_20220515_1_sm_master/sm_master/PMU123_signals/PMU123_I4a/OpOutput/Data Type Conversion|NULL|365|1|1|1|S|DataTypeConversion|0|1:1429:234|
366=system_20220515_1_sm_master/sm_master/PMU123_signals/PMU123_I3m/OpOutput/Data Type Conversion|NULL|366|1|1|1|S|DataTypeConversion|0|1:1428:234|
367=system_20220515_1_sm_master/sm_master/PMU123_signals/PMU123_I3a/OpOutput/Data Type Conversion|NULL|367|1|1|1|S|DataTypeConversion|0|1:1427:234|
368=system_20220515_1_sm_master/sm_master/PMU123_signals/PMU123_I2m/OpOutput/Data Type Conversion|NULL|368|1|1|1|S|DataTypeConversion|0|1:1426:234|
369=system_20220515_1_sm_master/sm_master/PMU123_signals/PMU123_I2a/OpOutput/Data Type Conversion|NULL|369|1|1|1|S|DataTypeConversion|0|1:1425:234|
37=system_20220515_1_sm_master/sm_master/line_iang1_noise/Random Number|NULL|37|104|104|1|V|RandomNumber|0|1:2058|
370=system_20220515_1_sm_master/sm_master/PMU123_signals/PMU123_I1m/OpOutput/Data Type Conversion|NULL|370|1|1|1|S|DataTypeConversion|0|1:1424:234|
371=system_20220515_1_sm_master/sm_master/PMU123_signals/PMU123_I1a/OpOutput/Data Type Conversion|NULL|371|1|1|1|S|DataTypeConversion|0|1:1423:234|
372=system_20220515_1_sm_master/sm_master/PMU121_signals/PMU121_Vm/OpOutput/Data Type Conversion|NULL|372|1|1|1|S|DataTypeConversion|0|1:331:234|
373=system_20220515_1_sm_master/sm_master/PMU121_signals/PMU121_Va/OpOutput/Data Type Conversion|NULL|373|1|1|1|S|DataTypeConversion|0|1:330:234|
374=system_20220515_1_sm_master/sm_master/PMU121_signals/PMU121_I6m/OpOutput/Data Type Conversion|NULL|374|1|1|1|S|DataTypeConversion|0|1:329:234|
375=system_20220515_1_sm_master/sm_master/PMU121_signals/PMU121_I6a/OpOutput/Data Type Conversion|NULL|375|1|1|1|S|DataTypeConversion|0|1:328:234|
376=system_20220515_1_sm_master/sm_master/PMU121_signals/PMU121_I5m/OpOutput/Data Type Conversion|NULL|376|1|1|1|S|DataTypeConversion|0|1:327:234|
377=system_20220515_1_sm_master/sm_master/PMU121_signals/PMU121_I5a/OpOutput/Data Type Conversion|NULL|377|1|1|1|S|DataTypeConversion|0|1:326:234|
378=system_20220515_1_sm_master/sm_master/PMU121_signals/PMU121_I4m/OpOutput/Data Type Conversion|NULL|378|1|1|1|S|DataTypeConversion|0|1:325:234|
379=system_20220515_1_sm_master/sm_master/PMU121_signals/PMU121_I4a/OpOutput/Data Type Conversion|NULL|379|1|1|1|S|DataTypeConversion|0|1:324:234|
38=system_20220515_1_sm_master/sm_master/line_iang1_noise/Add1|NULL|38|104|104|1|V|Sum|0|1:2057|
380=system_20220515_1_sm_master/sm_master/PMU121_signals/PMU121_I3m/OpOutput/Data Type Conversion|NULL|380|1|1|1|S|DataTypeConversion|0|1:323:234|
381=system_20220515_1_sm_master/sm_master/PMU121_signals/PMU121_I3a/OpOutput/Data Type Conversion|NULL|381|1|1|1|S|DataTypeConversion|0|1:322:234|
382=system_20220515_1_sm_master/sm_master/PMU121_signals/PMU121_I2m/OpOutput/Data Type Conversion|NULL|382|1|1|1|S|DataTypeConversion|0|1:321:234|
383=system_20220515_1_sm_master/sm_master/PMU121_signals/PMU121_I2a/OpOutput/Data Type Conversion|NULL|383|1|1|1|S|DataTypeConversion|0|1:320:234|
384=system_20220515_1_sm_master/sm_master/PMU121_signals/PMU121_I1m/OpOutput/Data Type Conversion|NULL|384|1|1|1|S|DataTypeConversion|0|1:319:234|
385=system_20220515_1_sm_master/sm_master/PMU121_signals/PMU121_I1a/OpOutput/Data Type Conversion|NULL|385|1|1|1|S|DataTypeConversion|0|1:318:234|
386=system_20220515_1_sm_master/sm_master/PMU116_signals/PMU116_Vm/OpOutput/Data Type Conversion|NULL|386|1|1|1|S|DataTypeConversion|0|1:300:234|
387=system_20220515_1_sm_master/sm_master/PMU116_signals/PMU116_Va/OpOutput/Data Type Conversion|NULL|387|1|1|1|S|DataTypeConversion|0|1:299:234|
388=system_20220515_1_sm_master/sm_master/PMU116_signals/PMU116_I4m/OpOutput/Data Type Conversion|NULL|388|1|1|1|S|DataTypeConversion|0|1:298:234|
389=system_20220515_1_sm_master/sm_master/PMU116_signals/PMU116_I4a/OpOutput/Data Type Conversion|NULL|389|1|1|1|S|DataTypeConversion|0|1:297:234|
39=system_20220515_1_sm_master/sm_master/Gain2|NULL|39|104|104|1|V|Gain|0|1:160|
390=system_20220515_1_sm_master/sm_master/PMU116_signals/PMU116_I3m/OpOutput/Data Type Conversion|NULL|390|1|1|1|S|DataTypeConversion|0|1:296:234|
391=system_20220515_1_sm_master/sm_master/PMU116_signals/PMU116_I3a/OpOutput/Data Type Conversion|NULL|391|1|1|1|S|DataTypeConversion|0|1:295:234|
392=system_20220515_1_sm_master/sm_master/PMU116_signals/PMU116_I2m/OpOutput/Data Type Conversion|NULL|392|1|1|1|S|DataTypeConversion|0|1:294:234|
393=system_20220515_1_sm_master/sm_master/PMU116_signals/PMU116_I2a/OpOutput/Data Type Conversion|NULL|393|1|1|1|S|DataTypeConversion|0|1:293:234|
394=system_20220515_1_sm_master/sm_master/PMU116_signals/PMU116_I1m/OpOutput/Data Type Conversion|NULL|394|1|1|1|S|DataTypeConversion|0|1:292:234|
395=system_20220515_1_sm_master/sm_master/PMU116_signals/PMU116_I1a/OpOutput/Data Type Conversion|NULL|395|1|1|1|S|DataTypeConversion|0|1:291:234|
396=system_20220515_1_sm_master/sm_master/PMU110_signals/PMU110_Vm/OpOutput/Data Type Conversion|NULL|396|1|1|1|S|DataTypeConversion|0|1:1377:234|
397=system_20220515_1_sm_master/sm_master/PMU110_signals/PMU110_Va/OpOutput/Data Type Conversion|NULL|397|1|1|1|S|DataTypeConversion|0|1:1376:234|
398=system_20220515_1_sm_master/sm_master/PMU110_signals/PMU110_I5m/OpOutput/Data Type Conversion|NULL|398|1|1|1|S|DataTypeConversion|0|1:1373:234|
399=system_20220515_1_sm_master/sm_master/PMU110_signals/PMU110_I5a/OpOutput/Data Type Conversion|NULL|399|1|1|1|S|DataTypeConversion|0|1:1372:234|
4=system_20220515_1_sm_master/sm_master/Step1|NULL|4|1|1|1|S|Step|0|1:497|
40=system_20220515_1_sm_master/sm_master/line_iang0_noise/Random Number|NULL|40|104|104|1|V|RandomNumber|0|1:2053|
400=system_20220515_1_sm_master/sm_master/PMU110_signals/PMU110_I4m/OpOutput/Data Type Conversion|NULL|400|1|1|1|S|DataTypeConversion|0|1:1371:234|
401=system_20220515_1_sm_master/sm_master/PMU110_signals/PMU110_I4a/OpOutput/Data Type Conversion|NULL|401|1|1|1|S|DataTypeConversion|0|1:1370:234|
402=system_20220515_1_sm_master/sm_master/PMU110_signals/PMU110_I3m/OpOutput/Data Type Conversion|NULL|402|1|1|1|S|DataTypeConversion|0|1:1369:234|
403=system_20220515_1_sm_master/sm_master/PMU110_signals/PMU110_I3a/OpOutput/Data Type Conversion|NULL|403|1|1|1|S|DataTypeConversion|0|1:1368:234|
404=system_20220515_1_sm_master/sm_master/PMU110_signals/PMU110_I2m/OpOutput/Data Type Conversion|NULL|404|1|1|1|S|DataTypeConversion|0|1:1367:234|
405=system_20220515_1_sm_master/sm_master/PMU110_signals/PMU110_I2a/OpOutput/Data Type Conversion|NULL|405|1|1|1|S|DataTypeConversion|0|1:1366:234|
406=system_20220515_1_sm_master/sm_master/PMU110_signals/PMU110_I1m/OpOutput/Data Type Conversion|NULL|406|1|1|1|S|DataTypeConversion|0|1:1365:234|
407=system_20220515_1_sm_master/sm_master/PMU110_signals/PMU110_I1a/OpOutput/Data Type Conversion|NULL|407|1|1|1|S|DataTypeConversion|0|1:1364:234|
408=system_20220515_1_sm_master/sm_master/PMU107_signals/PMU107_Vm/OpOutput/Data Type Conversion|NULL|408|1|1|1|S|DataTypeConversion|0|1:1338:234|
409=system_20220515_1_sm_master/sm_master/PMU107_signals/PMU107_Va/OpOutput/Data Type Conversion|NULL|409|1|1|1|S|DataTypeConversion|0|1:1337:234|
41=system_20220515_1_sm_master/sm_master/line_iang0_noise/Add1|NULL|41|104|104|1|V|Sum|0|1:2052|
410=system_20220515_1_sm_master/sm_master/PMU107_signals/PMU107_I2m/OpOutput/Data Type Conversion|NULL|410|1|1|1|S|DataTypeConversion|0|1:1336:234|
411=system_20220515_1_sm_master/sm_master/PMU107_signals/PMU107_I2a/OpOutput/Data Type Conversion|NULL|411|1|1|1|S|DataTypeConversion|0|1:1335:234|
412=system_20220515_1_sm_master/sm_master/PMU107_signals/PMU107_I1m/OpOutput/Data Type Conversion|NULL|412|1|1|1|S|DataTypeConversion|0|1:1334:234|
413=system_20220515_1_sm_master/sm_master/PMU107_signals/PMU107_I1a/OpOutput/Data Type Conversion|NULL|413|1|1|1|S|DataTypeConversion|0|1:1333:234|
414=system_20220515_1_sm_master/sm_master/PMU103_signals/PMU103_Vm/OpOutput/Data Type Conversion|NULL|414|1|1|1|S|DataTypeConversion|0|1:1313:234|
415=system_20220515_1_sm_master/sm_master/PMU103_signals/PMU103_Va/OpOutput/Data Type Conversion|NULL|415|1|1|1|S|DataTypeConversion|0|1:1312:234|
416=system_20220515_1_sm_master/sm_master/PMU103_signals/PMU103_I3m/OpOutput/Data Type Conversion|NULL|416|1|1|1|S|DataTypeConversion|0|1:1859:234|
417=system_20220515_1_sm_master/sm_master/PMU103_signals/PMU103_I3a/OpOutput/Data Type Conversion|NULL|417|1|1|1|S|DataTypeConversion|0|1:1860:234|
418=system_20220515_1_sm_master/sm_master/PMU103_signals/PMU103_I2m/OpOutput/Data Type Conversion|NULL|418|1|1|1|S|DataTypeConversion|0|1:1307:234|
419=system_20220515_1_sm_master/sm_master/PMU103_signals/PMU103_I2a/OpOutput/Data Type Conversion|NULL|419|1|1|1|S|DataTypeConversion|0|1:1306:234|
42=system_20220515_1_sm_master/sm_master/Gain1|NULL|42|104|104|1|V|Gain|0|1:159|
420=system_20220515_1_sm_master/sm_master/PMU103_signals/PMU103_I1m/OpOutput/Data Type Conversion|NULL|420|1|1|1|S|DataTypeConversion|0|1:1305:234|
421=system_20220515_1_sm_master/sm_master/PMU103_signals/PMU103_I1a/OpOutput/Data Type Conversion|NULL|421|1|1|1|S|DataTypeConversion|0|1:1304:234|
422=system_20220515_1_sm_master/sm_master/PMU102_signals/PMU102_Vm/OpOutput/Data Type Conversion|NULL|422|1|1|1|S|DataTypeConversion|0|1:961:234|
423=system_20220515_1_sm_master/sm_master/PMU102_signals/PMU102_Va/OpOutput/Data Type Conversion|NULL|423|1|1|1|S|DataTypeConversion|0|1:960:234|
424=system_20220515_1_sm_master/sm_master/PMU102_signals/PMU102_I3m/OpOutput/Data Type Conversion|NULL|424|1|1|1|S|DataTypeConversion|0|1:957:234|
425=system_20220515_1_sm_master/sm_master/PMU102_signals/PMU102_I3a/OpOutput/Data Type Conversion|NULL|425|1|1|1|S|DataTypeConversion|0|1:956:234|
426=system_20220515_1_sm_master/sm_master/PMU102_signals/PMU102_I2m/OpOutput/Data Type Conversion|NULL|426|1|1|1|S|DataTypeConversion|0|1:955:234|
427=system_20220515_1_sm_master/sm_master/PMU102_signals/PMU102_I2a/OpOutput/Data Type Conversion|NULL|427|1|1|1|S|DataTypeConversion|0|1:954:234|
428=system_20220515_1_sm_master/sm_master/PMU102_signals/PMU102_I1m/OpOutput/Data Type Conversion|NULL|428|1|1|1|S|DataTypeConversion|0|1:953:234|
429=system_20220515_1_sm_master/sm_master/PMU102_signals/PMU102_I1a/OpOutput/Data Type Conversion|NULL|429|1|1|1|S|DataTypeConversion|0|1:952:234|
43=system_20220515_1_sm_master/sm_master/PMU102_signals/Spoofing attack/Add|NULL|43|4|4|1|V|Sum|0|1:1982|
430=system_20220515_1_sm_master/sm_master/Frequency_signals/ROCOF/OpOutput/Data Type Conversion|NULL|430|1|1|1|S|DataTypeConversion|0|1:45:234|
431=system_20220515_1_sm_master/sm_master/Frequency_signals/FREQ_DEV/OpOutput/Data Type Conversion|NULL|431|1|1|1|S|DataTypeConversion|0|1:44:234|
44=system_20220515_1_sm_master/sm_master/line_imag1_noise/Random Number|NULL|44|104|104|1|V|RandomNumber|0|1:2033|
45=system_20220515_1_sm_master/sm_master/line_imag1_noise/Add1|NULL|45|104|104|1|V|Sum|0|1:2032|
46=system_20220515_1_sm_master/sm_master/line_imag0_noise/Random Number|NULL|46|104|104|1|V|RandomNumber|0|1:2028|
47=system_20220515_1_sm_master/sm_master/line_imag0_noise/Add1|NULL|47|104|104|1|V|Sum|0|1:2027|
48=system_20220515_1_sm_master/sm_master/PMU103_signals/Spoofing attack/Ramp/Step|NULL|48|1|1|1|S|Step|0|1:1976:6|
49=system_20220515_1_sm_master/sm_master/PMU103_signals/Spoofing attack/Ramp/Clock|NULL|49|1|1|1|S|Clock|0|1:1976:1|
5=system_20220515_1_sm_master/sm_master/Add|NULL|5|1|1|1|S|Sum|0|1:36|
50=system_20220515_1_sm_master/sm_master/PMU103_signals/Spoofing attack/Ramp/Sum|NULL|50|1|1|1|S|Sum|0|1:1976:7|
51=system_20220515_1_sm_master/sm_master/PMU103_signals/Spoofing attack/Ramp/Product|NULL|51|1|1|1|S|Product|0|1:1976:5|
52=system_20220515_1_sm_master/sm_master/PMU103_signals/Spoofing attack/Ramp/Output|NULL|52|1|1|1|S|Sum|0|1:1976:4|
53=system_20220515_1_sm_master/sm_master/PMU103_signals/Spoofing attack/Saturation|NULL|53|1|1|1|S|Saturate|0|1:1977|
54=system_20220515_1_sm_master/sm_master/PMU103_signals/Spoofing attack/Multiply|NULL|54|1|1|1|S|Product|0|1:1973|
55=system_20220515_1_sm_master/sm_master/xf_iang0_noise/Random Number|NULL|55|16|16|1|V|RandomNumber|0|1:2063|
56=system_20220515_1_sm_master/sm_master/xf_iang0_noise/Add1|NULL|56|16|16|1|V|Sum|0|1:2062|
57=system_20220515_1_sm_master/sm_master/Gain3|NULL|57|16|16|1|V|Gain|0|1:161|
58=system_20220515_1_sm_master/sm_master/PMU103_signals/Spoofing attack/Add|NULL|58|4|4|1|V|Sum|0|1:1969|
59=system_20220515_1_sm_master/sm_master/xf_imag0_noise/Random Number|NULL|59|16|16|1|V|RandomNumber|0|1:2038|
6=synthesized_block|NULL|6|2|2|1|V|synthesized_block|0||
60=system_20220515_1_sm_master/sm_master/xf_imag0_noise/Add1|NULL|60|16|16|1|V|Sum|0|1:2037|
61=system_20220515_1_sm_master/sm_master/PMU107_signals/Spoofing attack/Ramp/Step|NULL|61|1|1|1|S|Step|0|1:2015:6|
62=system_20220515_1_sm_master/sm_master/PMU107_signals/Spoofing attack/Ramp/Clock|NULL|62|1|1|1|S|Clock|0|1:2015:1|
63=system_20220515_1_sm_master/sm_master/PMU107_signals/Spoofing attack/Ramp/Sum|NULL|63|1|1|1|S|Sum|0|1:2015:7|
64=system_20220515_1_sm_master/sm_master/PMU107_signals/Spoofing attack/Ramp/Product|NULL|64|1|1|1|S|Product|0|1:2015:5|
65=system_20220515_1_sm_master/sm_master/PMU107_signals/Spoofing attack/Ramp/Output|NULL|65|1|1|1|S|Sum|0|1:2015:4|
66=system_20220515_1_sm_master/sm_master/PMU107_signals/Spoofing attack/Saturation|NULL|66|1|1|1|S|Saturate|0|1:2016|
67=system_20220515_1_sm_master/sm_master/PMU107_signals/Spoofing attack/Multiply|NULL|67|1|1|1|S|Product|0|1:2012|
68=system_20220515_1_sm_master/sm_master/PMU107_signals/Spoofing attack/Add|NULL|68|3|3|1|V|Sum|0|1:2008|
69=system_20220515_1_sm_master/sm_master/PMU110_signals/Spoofing attack/Ramp/Step|NULL|69|1|1|1|S|Step|0|1:1937:6|
7=synthesized_block|NULL|7|7|7|1|V|synthesized_block|0||
70=system_20220515_1_sm_master/sm_master/PMU110_signals/Spoofing attack/Ramp/Clock|NULL|70|1|1|1|S|Clock|0|1:1937:1|
71=system_20220515_1_sm_master/sm_master/PMU110_signals/Spoofing attack/Ramp/Sum|NULL|71|1|1|1|S|Sum|0|1:1937:7|
72=system_20220515_1_sm_master/sm_master/PMU110_signals/Spoofing attack/Ramp/Product|NULL|72|1|1|1|S|Product|0|1:1937:5|
73=system_20220515_1_sm_master/sm_master/PMU110_signals/Spoofing attack/Ramp/Output|NULL|73|1|1|1|S|Sum|0|1:1937:4|
74=system_20220515_1_sm_master/sm_master/PMU110_signals/Spoofing attack/Saturation|NULL|74|1|1|1|S|Saturate|0|1:1938|
75=system_20220515_1_sm_master/sm_master/PMU110_signals/Spoofing attack/Multiply|NULL|75|1|1|1|S|Product|0|1:1934|
76=system_20220515_1_sm_master/sm_master/PMU110_signals/Spoofing attack/Add|NULL|76|6|6|1|V|Sum|0|1:1930|
77=system_20220515_1_sm_master/sm_master/PMU116_signals/Spoofing attack/Ramp/Step|NULL|77|1|1|1|S|Step|0|1:310:6|
78=system_20220515_1_sm_master/sm_master/PMU116_signals/Spoofing attack/Ramp/Clock|NULL|78|1|1|1|S|Clock|0|1:310:1|
79=system_20220515_1_sm_master/sm_master/PMU116_signals/Spoofing attack/Ramp/Sum|NULL|79|1|1|1|S|Sum|0|1:310:7|
8=synthesized_block|NULL|8|3|3|1|V|synthesized_block|0||
80=system_20220515_1_sm_master/sm_master/PMU116_signals/Spoofing attack/Ramp/Product|NULL|80|1|1|1|S|Product|0|1:310:5|
81=system_20220515_1_sm_master/sm_master/PMU116_signals/Spoofing attack/Ramp/Output|NULL|81|1|1|1|S|Sum|0|1:310:4|
82=system_20220515_1_sm_master/sm_master/PMU116_signals/Spoofing attack/Saturation|NULL|82|1|1|1|S|Saturate|0|1:311|
83=system_20220515_1_sm_master/sm_master/PMU116_signals/Spoofing attack/Multiply|NULL|83|1|1|1|S|Product|0|1:307|
84=system_20220515_1_sm_master/sm_master/PMU116_signals/Spoofing attack/Add|NULL|84|5|5|1|V|Sum|0|1:303|
85=system_20220515_1_sm_master/sm_master/PMU121_signals/Spoofing attack/Ramp/Step|NULL|85|1|1|1|S|Step|0|1:341:6|
86=system_20220515_1_sm_master/sm_master/PMU121_signals/Spoofing attack/Ramp/Clock|NULL|86|1|1|1|S|Clock|0|1:341:1|
87=system_20220515_1_sm_master/sm_master/PMU121_signals/Spoofing attack/Ramp/Sum|NULL|87|1|1|1|S|Sum|0|1:341:7|
88=system_20220515_1_sm_master/sm_master/PMU121_signals/Spoofing attack/Ramp/Product|NULL|88|1|1|1|S|Product|0|1:341:5|
89=system_20220515_1_sm_master/sm_master/PMU121_signals/Spoofing attack/Ramp/Output|NULL|89|1|1|1|S|Sum|0|1:341:4|
9=system_20220515_1_sm_master/sm_master/Solver|NULL|9|73|73|1|V|S-Function OpIRTS|0|1:495|
90=system_20220515_1_sm_master/sm_master/PMU121_signals/Spoofing attack/Saturation|NULL|90|1|1|1|S|Saturate|0|1:342|
91=system_20220515_1_sm_master/sm_master/PMU121_signals/Spoofing attack/Multiply|NULL|91|1|1|1|S|Product|0|1:338|
92=system_20220515_1_sm_master/sm_master/PMU121_signals/Spoofing attack/Add|NULL|92|7|7|1|V|Sum|0|1:334|
93=system_20220515_1_sm_master/sm_master/PMU123_signals/Spoofing attack/Ramp/Step|NULL|93|1|1|1|S|Step|0|1:1950:6|
94=system_20220515_1_sm_master/sm_master/PMU123_signals/Spoofing attack/Ramp/Clock|NULL|94|1|1|1|S|Clock|0|1:1950:1|
95=system_20220515_1_sm_master/sm_master/PMU123_signals/Spoofing attack/Ramp/Sum|NULL|95|1|1|1|S|Sum|0|1:1950:7|
96=system_20220515_1_sm_master/sm_master/PMU123_signals/Spoofing attack/Ramp/Product|NULL|96|1|1|1|S|Product|0|1:1950:5|
97=system_20220515_1_sm_master/sm_master/PMU123_signals/Spoofing attack/Ramp/Output|NULL|97|1|1|1|S|Sum|0|1:1950:4|
98=system_20220515_1_sm_master/sm_master/PMU123_signals/Spoofing attack/Saturation|NULL|98|1|1|1|S|Saturate|0|1:1951|
99=system_20220515_1_sm_master/sm_master/PMU123_signals/Spoofing attack/Multiply|NULL|99|1|1|1|S|Product|0|1:1947|
nbSignals=432
[ModelDataStructure]
10=CTOutputIncnstWithState
143=zCCacheNeedsReset
30=derivCacheNeedsReset
[dwork]
0=SFunction_PreviousInput|real_T|
1=NextOutput|real_T|
10=NextOutput_k1|real_T|
12=RandSeed|uint32_T|
13=RandSeed_b|uint32_T|
14=RandSeed_l|uint32_T|
15=RandSeed_p|uint32_T|
16=RandSeed_h|uint32_T|
17=RandSeed_n|uint32_T|
18=RandSeed_i|uint32_T|
19=RandSeed_nt|uint32_T|
2=NextOutput_j|real_T|
20=RandSeed_a|uint32_T|
21=RandSeed_m|uint32_T|
22=SFunction_IWORK|IWORK|
3=NextOutput_k|real_T|
4=NextOutput_i|real_T|
5=NextOutput_a|real_T|
6=NextOutput_c|real_T|
7=NextOutput_a1|real_T|
8=NextOutput_cx|real_T|
9=NextOutput_h|real_T|
[TimingStructure]
103=sampleHitArray
107=sampleTimesArray
110=sampleTimeTaskIDArray
114=simTimeStep
116=tStart
117=stepSize
118=stepSize0
119=stepSize1
121=stopRequestedFlag
131=tArray
145=timeOfLastOutput
3=clockTick0
35=tFinal
4=clockTick1
5=clockTickH0
6=clockTickH1
79=offsetTimesArray
85=perTaskSampleHitsArray
